----------------------------------------------------------------------------------------------------------------------------------------------------
      name:  <unnamed>
       log:  I:\nfurbach\Econometrics\Tutorial3\Solution_all\ProblemSet4_logfile.log
  log type:  text
 opened on:  19 May 2019, 16:46:17

. 
. * Load dataset
. //use otc_regulation13.dta, clear
. use otc_regulation.dta, clear

.         drop if event_date == ""
(112 observations deleted)

. 
. * Generate month and year variable which identify the time aspec
. gen date = date(event_date, "DMY")

. gen month = month(date)

. gen year = year(date)

.                 drop date

. 
. * Convert dataset to utilize panel functionality of Stata
. * Extract month-year
. gen sub_d = substr(event_date,3,.)

. 
. * Generate month-year variable
. gen date = monthly(sub_d, "MY")

.         format date %tm

. 
. * Convert state variable to numerical value for declaration as panel
. encode state_ab, gen(state)

. 
. * Declare as panel
. tsset state date
       panel variable:  state (unbalanced)
        time variable:  date, 2000m1 to 2008m12, but with a gap
                delta:  1 month

. 
. * Drop auxilary variables no longer needed
. drop sub_d event_date state_ab

. 
. * Order variables
. order state date month year

. 
. 
. * Convert enactment date to numerical
. gen sub_d = date(any_law, "MDY")

.         format sub_d %td

.         
. * Generate month, year, and day variable for later use in variable construction
. gen day_enacted = day(sub_d)

. gen month_enacted = month(sub_d)

. gen year_enacted = year(sub_d)

. 
. * Drop auxiliary variable
. drop sub_d any_law

. 
. 
. * Exercise (a)
. * Generate variable with total number of days in a month
. gen days_in_month = 30 if month_enacted == 4 | month_enacted == 6 | month_enacted == 9 | month_enacted == 11 
(2,688 missing values generated)

.         replace days_in_month = 31 if  month_enacted == 1 | month_enacted == 3 | month_enacted == 5 | month_enacted == 7 | month_enacted == 8 | mo
> nth_enacted == 10 | month_enacted == 12 
(2,688 real changes made)

.         * February can be ignored since the law was not enacted in any state in February
. 
. * Generate proportion of days in effect for weighting (the share has to be
. * substracted from 1 to get the share of days the law in force).
. gen proportion_days = 1-(day_enacted/days_in_month)

. 
. * Calculate total population in all states in given month-year 
. bysort date: egen pop_allstates = sum(pop_all_fitted)

.         * Sort for convenient structure of dataset
.         sort state date 

.         * Order variables for convenience
.         order state date month year day_e month_e year_e

. 
. * Calculate population under new regulation by state
. 
. * Whole population of a state falls under the new regulation in any year after 
. * the new law was enacted
. gen pop_under_reg = pop_all_fitted if year >= year_enacted
(3,641 missing values generated)

.         * No population falls under the new regulation in the months before the new 
.         * law was enacted in the year of enactment
.         replace pop_under_reg = . if year == year_enacted & month < month_enacted
(242 real changes made, 242 to missing)

.         * Population under new regulation weighted by proportion of days the law is
.         * in effect in month and year of implementation
.         replace pop_under_reg = proportion_days*pop_all_fitted if year == year_enacted & month == month_enacted
(50 real changes made)

.         
. * Calculate the total population under new regulation across all states
. bysort date: egen total_pop_under_reg = sum(pop_under_reg)

. 
. * Calculate population in all states under regulation as a share of total 
. * population
. gen pop_share_under_reg = total_pop_under_reg/pop_allstates
(450 missing values generated)

.         * Sort for convenient structure of dataset
.         sort state date

.         
. * Calculate the number of labs seized with 9 oz capacity and above
. gen cap_9_oz = tot_labs -  cap_under_2_oz - cap_2_8_oz 
(450 missing values generated)

. 
. * Calculate the average number of labs seized per months for the three lab sizes
. bysort date: egen avg_2oz = mean(cap_under_2_oz)
(450 missing values generated)

. bysort date: egen avg_8oz = mean(cap_2_8_oz)
(450 missing values generated)

. bysort date: egen avg_9oz = mean(cap_9_oz)
(450 missing values generated)

. 
. 
. * Replicate Figure 2 of the Dobnik et al. (2014) paper
. preserve

. drop if date < monthly("November 2001", "MY")
(1,087 observations deleted)

. drop if date > monthly("April 2008", "MY")
(400 observations deleted)

. twoway  (scatter avg_2oz date, connect(l) msymbol(T ) msize(small) yaxis(1) mcolor(blue) lcolor(blue) lwidth(medium) lpattern(dot) connect(direct)
>  cmissing(n)) ///
>                 (scatter avg_8oz date, connect(l) msymbol(Oh) msize(small) yaxis(1) mcolor(red) lcolor(red) lwidth(medium) lpattern(dash) connect(
> direct) cmissing(n))  ///
>                 (scatter avg_9oz date, connect(l) msymbol(S ) msize(small) yaxis(1) mcolor(green) lcolor(green) lwidth(medium) lpattern(dash) conn
> ect(direct) cmissing(n))  ///
>                 (line pop_share_under_reg date, yaxis(2)  lcolor(black) lwidth(medium) connect(direct) cmissing(n)) if  date > monthly("November 2
> 001", "MY"), ///
>                 ylabel(, angle(horizontal) format(%9.1f)) ylabel(, axis(2) angle(horizontal) format(%9.1f)) ytitle("Average number of labs seized 
> per month") ytitle("Proportion of population covered by laws", axis(2)) ///
>                 title("") xtitle("Date")        ///
>                 tlabel(2002m1(24)2008m2, format(%tmCY)) ///
>                 legend(on order(1 "Lab capacity under 2 oz" 2 "Lab capacity 2-8 oz" 3 "Lab capacity 9 oz or greater" 4 "OTC law coverage")      //
> /
>                 region(lcolor(white))) scheme(s1mono) graphregion(fcolor(white)                         ///
>                 lcolor(white) lwidth(none) ifcolor(white) ilcolor(white) margin(zero))                                  ///
>                 plotregion(fcolor(white) lcolor(white) ifcolor(white) ilcolor(white))

. graph export "Figure2_Replication.eps", as(eps) preview(on) replace
(note: file Figure2_Replication.eps not found)
(file Figure2_Replication.eps written in EPS format)

. restore

. 
. 
. * Exercise (b) 
. * Sort for convenient structure of dataset
. sort state date

.         
. * Generate event horizon, i.e. variable that is 0 in month of enactment
. * -1 in the month before and 1 in the month afer and so on and so forth
. by state: gen datenum = _n

.         by state: gen target=datenum if month == month_enacted & year == year_enacted
(5,337 missing values generated)

.         egen td=min(target), by(state)

.                 drop target

.         * Finally generate event_horizon variable
.         gen event_horizon = datenum-td

.                 * Drop auxiliary variable
.                 drop td

. 
. * Calculate average number of seized labs in specific month relative to 
. * enactment month for each of the three lab-size categories
. bysort event_horizon: egen avg_2oz_event = mean(cap_under_2_oz)
(11 missing values generated)

. bysort event_horizon: egen avg_8oz_event = mean(cap_2_8_oz)
(11 missing values generated)

. bysort event_horizon: egen avg_9oz_event = mean(cap_9_oz)
(11 missing values generated)

.         
. 
. * Plot averages centered around the event horizon
. twoway  (scatter avg_2oz_event event_horizon, connect(l) msymbol(T ) msize(small) yaxis(1) mcolor(blue) lcolor(blue) lwidth(medium) lpattern(dot) 
> connect(direct) cmissing(n)) ///
>                 (scatter avg_8oz_event event_horizon, connect(l) msymbol(Oh) msize(small) yaxis(1) mcolor(red) lcolor(red) lwidth(medium) lpattern
> (dash) connect(direct) cmissing(n)) ///
>                 (scatter avg_9oz_event event_horizon, connect(l) msymbol(S ) msize(small) yaxis(1) mcolor(green) lcolor(green) lwidth(medium) lpat
> tern(dash) connect(direct) cmissing(n)) if event_horizon > -13 & event_horizon < 25 ///
>                 , ylabel(, angle(horizontal) format(%9.1f)) ytitle("Average number of labs seized per month") ///
>                 title("") xtitle("Months from (until) implementation of OTC regulation")        ///
>                 tlabel(-12(6)24) xline(0)       ///
>                 legend(on order(1 "Lab capacity under 2 oz" 2 "Lab capacity 2-8 oz" 3 "Lab capacity 9 oz or greater")   ///
>                 region(lcolor(white))) scheme(s1mono) graphregion(fcolor(white)                         ///
>                 lcolor(white) lwidth(none) ifcolor(white) ilcolor(white) margin(zero))                                  ///
>                 plotregion(fcolor(white) lcolor(white) ifcolor(white) ilcolor(white))

. graph export "Figure_Exercise_b.eps", as(eps) preview(on) replace
(note: file Figure_Exercise_b.eps not found)
(file Figure_Exercise_b.eps written in EPS format)

. 
. 
. * Exercise (c)
. * Generate OTC variable as indicator set to zero in the months prior to 
. * implementation of a state's regulation, one afterwards, and the fraction of 
. * the month a regulation was implemented in months a regulation was enacted
. gen OTC = 0

.         replace OTC = 1 if year > year_enacted & year !=.
(1,596 real changes made)

.         replace OTC = 1 if year == year_enacted & year !=. & month > month_enacted
(308 real changes made)

.         replace OTC = (days_in_month - day_enacted - 1)/days_in_month if year == year_enacted & month == month_enacted & year !=.
(50 real changes made)

.         
. * Fixed effects regression(s) with clustered standard errors on the state level
. * Lab sizes under 2oz:
. xtreg cap_under_2_oz OTC i.date, fe vce(cluster state) 

Fixed-effects (within) regression               Number of obs     =      4,937
Group variable: state                           Number of groups  =         50

R-sq:                                           Obs per group:
     within  = 0.1420                                         min =         87
     between = 0.2305                                         avg =       98.7
     overall = 0.0448                                         max =         99

                                                F(49,49)          =          .
corr(u_i, Xb)  = -0.0358                        Prob > F          =          .

                                 (Std. Err. adjusted for 50 clusters in state)
------------------------------------------------------------------------------
             |               Robust
cap_under_~z |      Coef.   Std. Err.      t    P>|t|     [95% Conf. Interval]
-------------+----------------------------------------------------------------
         OTC |  -4.058821   1.171336    -3.47   0.001    -6.412709   -1.704933
             |
        date |
        481  |   .5102041   .5764667     0.89   0.380    -.6482491    1.668657
        482  |  -.5306122    .956649    -0.55   0.582     -2.45307    1.391846
        483  |  -3.244898   1.073069    -3.02   0.004    -5.401311   -1.088485
        484  |  -2.306122   1.089782    -2.12   0.039    -4.496121   -.1161242
        485  |  -2.795918   1.046241    -2.67   0.010    -4.898418   -.6934191
        486  |  -2.367347   .7790394    -3.04   0.004    -3.932885   -.8018086
        487  |  -1.979592   .9108473    -2.17   0.035    -3.810008   -.1491756
        488  |  -3.040816   1.251929    -2.43   0.019    -5.556661   -.5249715
        489  |  -1.755102    1.11703    -1.57   0.123    -3.999859    .4896545
        490  |  -2.571429   1.453895    -1.77   0.083    -5.493141    .3502837
        491  |  -3.591459   1.594383    -2.25   0.029    -6.795491   -.3874265
        492  |   .2367806   1.975162     0.12   0.905    -3.732457    4.206018
        493  |  -1.083219   1.527877    -0.71   0.482    -4.153603    1.987164
        494  |   1.416781   1.799701     0.79   0.435    -2.199853    5.033414
        495  |   .0567806   1.478939     0.04   0.970    -2.915258    3.028819
        496  |  -.0032194    1.65517    -0.00   0.998    -3.329407    3.322969
        497  |  -1.723219   1.696407    -1.02   0.315    -5.132278    1.685839
        498  |  -2.263219   1.772472    -1.28   0.208    -5.825135    1.298696
        499  |  -.6832194   1.612213    -0.42   0.674    -3.923082    2.556643
        500  |  -1.923219   1.563917    -1.23   0.225    -5.066029     1.21959
        501  |  -.5832194   1.324453    -0.44   0.662    -3.244807    2.078368
        502  |  -1.343219   1.570533    -0.86   0.397    -4.499324    1.812885
        503  |  -2.123219   1.797373    -1.18   0.243    -5.735175    1.488736
        504  |   1.736781   1.449015     1.20   0.236    -1.175123    4.648684
        505  |   .3967806   1.397059     0.28   0.778    -2.410715    3.204277
        506  |  -.3032194   1.588071    -0.19   0.849    -3.494568    2.888129
        507  |  -.5632194   1.670372    -0.34   0.737    -3.919958    2.793519
        508  |  -.1632194    1.59435    -0.10   0.919    -3.367185    3.040746
        509  |  -1.523219    1.81365    -0.84   0.405    -5.167885    2.121446
        510  |  -.6232194   1.801184    -0.35   0.731    -4.242835    2.996396
        511  |  -.7832194   1.637364    -0.48   0.635    -4.073626    2.507187
        512  |  -.5632194   1.694071    -0.33   0.741    -3.967583    2.841144
        513  |   .7567806   1.878384     0.40   0.689    -3.017973    4.531535
        514  |  -.1432194   1.824118    -0.08   0.938    -3.808922    3.522483
        515  |  -.5032194   1.938806    -0.26   0.796    -4.399396    3.392957
        516  |   2.116781   1.882469     1.12   0.266    -1.666182    5.899743
        517  |   1.476781   1.732089     0.85   0.398    -2.003983    4.957544
        518  |   1.916781    1.67745     1.14   0.259    -1.454181    5.287742
        519  |   1.916781    2.03561     0.94   0.351     -2.17393    6.007491
        520  |   1.736781    2.10831     0.82   0.414    -2.500028    5.973589
        521  |   .6567806   2.119962     0.31   0.758    -3.603442    4.917004
        522  |   .6367806   2.032771     0.31   0.755    -3.448227    4.721788
        523  |   .1567806   1.959479     0.08   0.937    -3.780939      4.0945
        524  |   .4767806    2.33493     0.20   0.839    -4.215436    5.168998
        525  |   1.136781   2.096822     0.54   0.590    -3.076942    5.350503
        526  |   .2167806   2.240302     0.10   0.923    -4.285275    4.718836
        527  |  -.8032194   2.277213    -0.35   0.726     -5.37945    3.773011
        528  |   2.676781   2.450533     1.09   0.280    -2.247751    7.601312
        529  |   3.516781   2.425215     1.45   0.153    -1.356872    8.390433
        530  |   4.776781    2.67092     1.79   0.080     -.590635     10.1442
        531  |   3.259016   2.552749     1.28   0.208    -1.870925    8.388956
        532  |   2.077957   2.518362     0.83   0.413    -2.982882    7.138796
        533  |   1.057957   2.568381     0.41   0.682    -4.103398    6.219312
        534  |    .337957   2.482289     0.14   0.892    -4.650389    5.326303
        535  |    .877957   2.707314     0.32   0.747    -4.562595    6.318509
        536  |   1.077957   2.622091     0.41   0.683    -4.191332    6.347246
        537  |    .777957   2.565232     0.30   0.763     -4.37707    5.932984
        538  |  -.8041607   2.518506    -0.32   0.751    -5.865288    4.256966
        539  |  -.9208666   2.431895    -0.38   0.707    -5.807942    3.966209
        540  |   1.416515   2.656318     0.53   0.596    -3.921556    6.754586
        541  |   .9203098    2.74246     0.34   0.739    -4.590871     6.43149
        542  |   2.383877   2.613068     0.91   0.366    -2.867279    7.635034
        543  |   1.005369   2.692731     0.37   0.710    -4.405878    6.416615
        544  |  -1.672594   2.583819    -0.65   0.520    -6.864973    3.519785
        545  |  -2.276985     2.5756    -0.88   0.381    -7.452846    2.898877
        546  |  -1.594682   2.668257    -0.60   0.553    -6.956745    3.767382
        547  |  -1.463297   2.605996    -0.56   0.577    -6.700241    3.773648
        548  |  -3.368515   2.549464    -1.32   0.193    -8.491854    1.754824
        549  |  -3.229786   2.693063    -1.20   0.236    -8.641699    2.182126
        550  |  -3.175574   2.721381    -1.17   0.249    -8.644393    2.293245
        551  |  -2.728648   2.613966    -1.04   0.302    -7.981609    2.524313
        552  |   .7077466   2.820594     0.25   0.803    -4.960449    6.375942
        553  |  -.7832212   2.820946    -0.28   0.782    -6.452124    4.885681
        554  |   .5567788    2.77671     0.20   0.842    -5.023229    6.136786
        555  |  -.1340454   2.956031    -0.05   0.964    -6.074413    5.806322
        556  |   .5156014   2.928379     0.18   0.861    -5.369197      6.4004
        557  |  -.4243986   2.634456    -0.16   0.873    -5.718537     4.86974
        558  |  -1.624399   2.828834    -0.57   0.568    -7.309152    4.060355
        559  |  -1.144399   2.829654    -0.40   0.688      -6.8308    4.542003
        560  |  -2.304399    2.82101    -0.82   0.418     -7.97343    3.364633
        561  |  -2.184399   2.888918    -0.76   0.453    -7.989897      3.6211
        562  |  -1.704399   2.989432    -0.57   0.571    -7.711888    4.303091
        563  |  -2.044399   2.873637    -0.71   0.480    -7.819188    3.730391
        564  |  -2.004399    2.85571    -0.70   0.486    -7.743162    3.734365
        565  |  -2.184399   2.888898    -0.76   0.453    -7.989857     3.62106
        566  |  -1.924399   2.776849    -0.69   0.492    -7.504686    3.655888
        567  |  -2.184399   2.857957    -0.76   0.448    -7.927677     3.55888
        568  |  -2.224399   2.861443    -0.78   0.441    -7.974684    3.525887
        569  |  -2.224399    2.73088    -0.81   0.419    -7.712308    3.263511
        570  |  -2.024399   2.846152    -0.71   0.480    -7.743956    3.695158
        571  |  -1.524399   2.887581    -0.53   0.600     -7.32721    4.278413
        572  |  -1.904399    2.76086    -0.69   0.494    -7.452555    3.643758
        573  |  -2.264399   2.826429    -0.80   0.427     -7.94432    3.415523
        574  |  -2.724399   2.862197    -0.95   0.346    -8.476198    3.027401
        575  |  -3.004399   2.782281    -1.08   0.286    -8.595602    2.586805
        576  |  -2.144399   2.851151    -0.75   0.456    -7.874001    3.585204
        577  |  -2.644399    2.98458    -0.89   0.380    -8.642137     3.35334
        578  |  -3.224399   2.981482    -1.08   0.285    -9.215911    2.767114
             |
       _cons |   9.700708   1.868603     5.19   0.000      5.94561    13.45581
-------------+----------------------------------------------------------------
     sigma_u |   10.02897
     sigma_e |  7.5883318
         rho |  .63592769   (fraction of variance due to u_i)
------------------------------------------------------------------------------

.         estimates store low

. * Lab sizes 2 - 8 oz
. xtreg cap_2_8_oz OTC i.date, fe vce(cluster state)

Fixed-effects (within) regression               Number of obs     =      4,937
Group variable: state                           Number of groups  =         50

R-sq:                                           Obs per group:
     within  = 0.1945                                         min =         87
     between = 0.1833                                         avg =       98.7
     overall = 0.0842                                         max =         99

                                                F(47,49)          =          .
corr(u_i, Xb)  = -0.0379                        Prob > F          =          .

                                 (Std. Err. adjusted for 50 clusters in state)
------------------------------------------------------------------------------
             |               Robust
  cap_2_8_oz |      Coef.   Std. Err.      t    P>|t|     [95% Conf. Interval]
-------------+----------------------------------------------------------------
         OTC |  -2.141484   .5130848    -4.17   0.000    -3.172566   -1.110401
             |
        date |
        481  |  -.1428571   .1839237    -0.78   0.441    -.5124657    .2267514
        482  |    .244898   .2233855     1.10   0.278    -.2040119    .6938079
        483  |  -.1836735   .2422784    -0.76   0.452    -.6705501    .3032031
        484  |  -.3061224   .3161108    -0.97   0.338    -.9413709     .329126
        485  |  -.2040816   .3725098    -0.55   0.586    -.9526681    .5445048
        486  |   -.244898   .2878569    -0.85   0.399    -.8233681    .3335722
        487  |   .1632653   .3998742     0.41   0.685     -.640312    .9668426
        488  |    .244898   .3516086     0.70   0.489     -.461686    .9514819
        489  |   .6734694   .4508924     1.49   0.142    -.2326327    1.579571
        490  |   .3469388    .428364     0.81   0.422    -.5138909    1.207768
        491  |   .1019646   .3851365     0.26   0.792    -.6719962    .8759255
        492  |   1.515727   .7228465     2.10   0.041     .0631127    2.968342
        493  |   .9957272   .4949647     2.01   0.050     .0010584    1.990396
        494  |   1.575727   .5809164     2.71   0.009      .408332    2.743122
        495  |   1.095727   .4555279     2.41   0.020     .1803096    2.011145
        496  |   .8957272   .4466858     2.01   0.050    -.0019214    1.793376
        497  |   .8557272   .5150209     1.66   0.103     -.179246      1.8907
        498  |   .8957272   .4447378     2.01   0.050     .0019931    1.789461
        499  |   1.115727   .4759289     2.34   0.023     .1593123    2.072142
        500  |   .9157272   .4111886     2.23   0.031     .0894129    1.742042
        501  |   1.335727   .4816562     2.77   0.008     .3678028    2.303652
        502  |   1.935727   .6401569     3.02   0.004     .6492838    3.222171
        503  |   1.155727   .5852194     1.97   0.054    -.0203152     2.33177
        504  |   2.495727   .8497201     2.94   0.005     .7881507    4.203304
        505  |   2.515727   .9554419     2.63   0.011     .5956948     4.43576
        506  |   2.495727   .6603652     3.78   0.000     1.168674    3.822781
        507  |   2.595727   .6804094     3.81   0.000     1.228393    3.963061
        508  |   2.335727   .6091085     3.83   0.000     1.111678    3.559777
        509  |   1.935727   .6515138     2.97   0.005     .6264611    3.244993
        510  |   1.915727   .6984808     2.74   0.008     .5120775    3.319377
        511  |   2.835727   .7594362     3.73   0.000     1.309583    4.361871
        512  |   2.295727   .6759584     3.40   0.001     .9373379    3.654116
        513  |   2.655727   .7490419     3.55   0.001     1.150471    4.160983
        514  |   2.195727   .6613283     3.32   0.002     .8667381    3.524716
        515  |   2.195727   .7124732     3.08   0.003     .7639587    3.627496
        516  |   4.015727   1.278018     3.14   0.003     1.447453    6.584001
        517  |   3.195727   .8850309     3.61   0.001     1.417191    4.974263
        518  |   3.695727   1.098149     3.37   0.001     1.488914    5.902541
        519  |   3.675727   1.066687     3.45   0.001      1.53214    5.819314
        520  |   2.975727   .8329655     3.57   0.001      1.30182    4.649634
        521  |   2.355727   .7624219     3.09   0.003      .823583    3.887871
        522  |   2.495727   .7764609     3.21   0.002     .9353707    4.056084
        523  |   2.135727   .7613427     2.81   0.007     .6057517    3.665703
        524  |   2.655727   .7945673     3.34   0.002     1.058984     4.25247
        525  |   3.075727   .8281319     3.71   0.001     1.411534    4.739921
        526  |   2.135727   .6360088     3.36   0.002     .8576198    3.413835
        527  |   2.235727   .7523054     2.97   0.005     .7239128    3.747542
        528  |   3.275727   .9868909     3.32   0.002     1.292496    5.258959
        529  |   3.095727   .9149491     3.38   0.001     1.257068    4.934386
        530  |   3.595727   1.054027     3.41   0.001     1.477581    5.713873
        531  |   2.868563    .882096     3.25   0.002     1.095925    4.641202
        532  |   2.138557   .7481531     2.86   0.006     .6350869    3.642027
        533  |   1.558557   .6724855     2.32   0.025     .2071466    2.909967
        534  |   1.458557   .6254506     2.33   0.024     .2016669    2.715447
        535  |   2.118557   .8495248     2.49   0.016     .4113729    3.825741
        536  |   1.798557   .7118177     2.53   0.015     .3681055    3.229008
        537  |   1.798557   .8908755     2.02   0.049     .0082755    3.588838
        538  |   1.378544   .7057009     1.95   0.056     -.039615    2.796703
        539  |   1.561387   .6356605     2.46   0.018      .283979    2.838794
        540  |   2.120005   .7035684     3.01   0.004     .7061314    3.533878
        541  |   1.764216   .8043835     2.19   0.033      .147747    3.380685
        542  |   1.696651   .6029343     2.81   0.007     .4850089    2.908292
        543  |   .9713032   .5299209     1.83   0.073    -.0936126    2.036219
        544  |   .8651397   .4776406     1.81   0.076     -.094715    1.824994
        545  |   .2683454   .5654127     0.47   0.637    -.8678939    1.404585
        546  |   .9633071   .5229127     1.84   0.072    -.0875254     2.01414
        547  |    .595941   .4711107     1.26   0.212    -.3507914    1.542673
        548  |   .5965012   .5195026     1.15   0.256    -.4474784    1.640481
        549  |   .8224573   .6109974     1.35   0.184    -.4053879    2.050302
        550  |   .7249262   .5497781     1.32   0.193    -.3798944    1.829747
        551  |   .8013416   .5734459     1.40   0.169    -.3510411    1.953724
        552  |   1.504962   .6033416     2.49   0.016     .2925015    2.717422
        553  |   1.271936   .5728188     2.22   0.031     .1208138    2.423059
        554  |   1.311936   .5791167     2.27   0.028     .1481577    2.475715
        555  |   1.631629   .6791048     2.40   0.020     .2669165    2.996341
        556  |   1.717211   .7138833     2.41   0.020     .2826088    3.151813
        557  |   1.677211   .6758124     2.48   0.017     .3191153    3.035307
        558  |   1.537211   .7306792     2.10   0.041     .0688562    3.005566
        559  |   1.537211   .6631074     2.32   0.025     .2046469    2.869775
        560  |   1.437211   .6709198     2.14   0.037     .0889474    2.785475
        561  |   1.297211   .6838349     1.90   0.064    -.0770065    2.671429
        562  |   1.357211   .6742592     2.01   0.050     .0022364    2.712186
        563  |   1.457211   .6638873     2.19   0.033     .1230797    2.791343
        564  |   1.517211   .7005598     2.17   0.035     .1093835    2.925039
        565  |   1.617211   .7739617     2.09   0.042     .0618768    3.172545
        566  |   1.457211   .7119789     2.05   0.046     .0264359    2.887986
        567  |   1.677211    .728048     2.30   0.026     .2141438    3.140278
        568  |   1.797211   .7185929     2.50   0.016     .3531446    3.241278
        569  |   1.617211   .7028109     2.30   0.026     .2048598    3.029562
        570  |   1.717211   .7334494     2.34   0.023     .2432894    3.191133
        571  |   1.797211      .7899     2.28   0.027     .2098476    3.384575
        572  |   1.717211   .7300454     2.35   0.023       .25013    3.184292
        573  |   1.617211   .7438078     2.17   0.035     .1224733    3.111949
        574  |   1.777211   .7008532     2.54   0.014     .3687938    3.185628
        575  |   1.797211   .7449874     2.41   0.020     .3001028    3.294319
        576  |   1.497211   .7066164     2.12   0.039     .0772124     2.91721
        577  |   1.397211   .6797207     2.06   0.045     .0312612    2.763161
        578  |   1.537211   .6937118     2.22   0.031      .143145    2.931277
             |
       _cons |   1.209579   .4651954     2.60   0.012     .2747341    2.144424
-------------+----------------------------------------------------------------
     sigma_u |  3.1808525
     sigma_e |  2.9000495
         rho |   .5460796   (fraction of variance due to u_i)
------------------------------------------------------------------------------

.         estimates store med

. * Lab sizes 9oz or greater
. xtreg cap_9_oz OTC i.date, fe vce(cluster state)

Fixed-effects (within) regression               Number of obs     =      4,937
Group variable: state                           Number of groups  =         50

R-sq:                                           Obs per group:
     within  = 0.0747                                         min =         87
     between = 0.0156                                         avg =       98.7
     overall = 0.0367                                         max =         99

                                                F(45,49)          =          .
corr(u_i, Xb)  = -0.0034                        Prob > F          =          .

                                 (Std. Err. adjusted for 50 clusters in state)
------------------------------------------------------------------------------
             |               Robust
    cap_9_oz |      Coef.   Std. Err.      t    P>|t|     [95% Conf. Interval]
-------------+----------------------------------------------------------------
         OTC |  -.2762987   .3150009    -0.88   0.385    -.9093166    .3567192
             |
        date |
        481  |  -.0612245   .1569737    -0.39   0.698     -.376675     .254226
        482  |   .3673469   .2197906     1.67   0.101    -.0743388    .8090327
        483  |   1.08e-14   .1501731     0.00   1.000    -.3017841    .3017841
        484  |   -.122449   .1431732    -0.86   0.397    -.4101662    .1652683
        485  |    .244898   .2030449     1.21   0.234    -.1631361     .652932
        486  |   .4693878   .3372175     1.39   0.170    -.2082762    1.147052
        487  |   .2857143   .1815504     1.57   0.122    -.0791249    .6505535
        488  |   .5510204   .3422715     1.61   0.114    -.1367999    1.238841
        489  |   .4693878   .2394489     1.96   0.056    -.0118028    .9505783
        490  |   .4285714   .1997489     2.15   0.037      .027161    .8299818
        491  |   .0998255   .1610488     0.62   0.538    -.2238142    .4234653
        492  |   .9227736   .4984499     1.85   0.070    -.0788989    1.924446
        493  |   .9027736   .3316403     2.72   0.009     .2363174     1.56923
        494  |   1.542774    .734961     2.10   0.041     .0658143    3.019733
        495  |   .8827736   .5243781     1.68   0.099    -.1710036    1.936551
        496  |   .8627736   .3547864     2.43   0.019     .1498036    1.575744
        497  |   1.162774   .5639804     2.06   0.045     .0294126    2.296135
        498  |   .5627736   .2742309     2.05   0.046     .0116859    1.113861
        499  |   1.262774   .5243974     2.41   0.020     .2089575     2.31659
        500  |   .6027736   .2259164     2.67   0.010     .1487775     1.05677
        501  |   1.202774   .3648806     3.30   0.002     .4695186    1.936029
        502  |   1.002774    .382922     2.62   0.012      .233263    1.772284
        503  |   .7627736   .3633105     2.10   0.041     .0326739    1.492873
        504  |   .8227736   .2754293     2.99   0.004     .2692778    1.376269
        505  |   1.142774   .5624943     2.03   0.048     .0123989    2.273148
        506  |   1.102774   .4556822     2.42   0.019      .187046    2.018501
        507  |   .8827736    .360623     2.45   0.018     .1580746    1.607473
        508  |   .7427736    .333735     2.23   0.031     .0721081    1.413439
        509  |   .8027736   .3241852     2.48   0.017     .1512991    1.454248
        510  |   .4827736   .2524283     1.91   0.062       -.0245    .9900472
        511  |   .5427736   .2533874     2.14   0.037     .0335725    1.051975
        512  |   .5227736   .1864778     2.80   0.007     .1480325    .8975147
        513  |   .6227736   .2958125     2.11   0.040     .0283161    1.217231
        514  |   .4827736   .2250021     2.15   0.037      .030615    .9349322
        515  |   .4027736   .2187166     1.84   0.072    -.0367539    .8423011
        516  |   .9427736   .2852497     3.31   0.002     .3695428    1.516004
        517  |   .9827736    .427318     2.30   0.026      .124046    1.841501
        518  |   .9627736   .3755763     2.56   0.013     .2080248    1.717522
        519  |   .6227736   .2571233     2.42   0.019     .1060649    1.139482
        520  |   .4427736   .2654574     1.67   0.102     -.090683    .9762302
        521  |   .0827736   .2116948     0.39   0.697     -.342643    .5081902
        522  |   .3827736   .2660236     1.44   0.157    -.1518207     .917368
        523  |   .3627736   .2334573     1.55   0.127    -.1063763    .8319235
        524  |   .4227736   .2259284     1.87   0.067    -.0312465    .8767937
        525  |   .3827736   .1744813     2.19   0.033     .0321403    .7334069
        526  |   .3627736   .2170831     1.67   0.101    -.0734711    .7990183
        527  |   .2027736   .1795014     1.13   0.264     -.157948    .5634952
        528  |   .3227736   .2715633     1.19   0.240    -.2229533    .8685005
        529  |   .3627736   .2528197     1.43   0.158    -.1452866    .8708338
        530  |   .8227736   .3460305     2.38   0.021     .1273993    1.518148
        531  |   .4870102   .3137315     1.55   0.127    -.1434569    1.117477
        532  |   .9082996   .5157627     1.76   0.084    -.1281643    1.944764
        533  |   .8482996   .3839934     2.21   0.032      .076636    1.619963
        534  |   .7682996   .3626689     2.12   0.039     .0394892     1.49711
        535  |   .9482996   .3310342     2.86   0.006     .2830614    1.613538
        536  |   .5282996   .2570806     2.05   0.045     .0116767    1.044922
        537  |   .3682996   .2802135     1.31   0.195    -.1948105    .9314097
        538  |   .0708784   .2657884     0.27   0.791    -.4632434    .6050001
        539  |   .1738256   .2498432     0.70   0.490    -.3282531    .6759042
        540  |  -.0663527   .3555122    -0.19   0.853    -.7807813    .6480759
        541  |   .0793515   .2380092     0.33   0.740    -.3989459    .5576489
        542  |   .1609558    .276092     0.58   0.563    -.3938717    .7157834
        543  |  -.1694123   .3413459    -0.50   0.622    -.8553727     .516548
        544  |  -.2224662   .3274277    -0.68   0.500    -.8804569    .4355244
        545  |  -.1091504   .2999198    -0.36   0.717    -.7118619     .493561
        546  |  -.1104503   .3066463    -0.36   0.720    -.7266792    .5057785
        547  |  -.3133376   .3533808    -0.89   0.380    -1.023483    .3968077
        548  |   -.325524    .391003    -0.83   0.409    -1.111274    .4602259
        549  |  -.1892729   .4473498    -0.42   0.674    -1.088256    .7097102
        550  |  -.3960522   .4489977    -0.88   0.382    -1.298347    .5062425
        551  |  -.5287733   .4898018    -1.08   0.286    -1.513067    .4555203
        552  |   -.295404   .4761016    -0.62   0.538    -1.252166    .6613579
        553  |  -.2893433   .4518469    -0.64   0.525    -1.197364    .6186771
        554  |  -.1893433   .4000646    -0.47   0.638    -.9933032    .6146166
        555  |   .0725476   .4329784     0.17   0.868    -.7975551    .9426503
        556  |  -.0809277   .4752192    -0.17   0.865    -1.035916    .8740609
        557  |  -.2209277   .5657497    -0.39   0.698    -1.357844    .9159889
        558  |  -.3209277    .577414    -0.56   0.581    -1.481285    .8394292
        559  |  -.1609277   .5896608    -0.27   0.786    -1.345896     1.02404
        560  |  -.2609277   .6023258    -0.43   0.667    -1.471347    .9494914
        561  |  -.3009277   .5782854    -0.52   0.605    -1.463036    .8611803
        562  |  -.2209277   .5245628    -0.42   0.675    -1.275076    .8332207
        563  |  -.3409277   .5955598    -0.57   0.570     -1.53775    .8558946
        564  |  -.3809277   .5956446    -0.64   0.525     -1.57792     .816065
        565  |  -.3009277   .5592956    -0.54   0.593    -1.424874    .8230189
        566  |  -.2809277   .6008634    -0.47   0.642    -1.488408    .9265526
        567  |  -.3009277   .5576169    -0.54   0.592    -1.421501    .8196454
        568  |  -.3009277   .5991327    -0.50   0.618     -1.50493    .9030746
        569  |  -.2009277   .5657169    -0.36   0.724    -1.337778    .9359229
        570  |  -.1609277   .5261711    -0.31   0.761    -1.218308    .8964527
        571  |  -.1809277   .5432876    -0.33   0.741    -1.272705    .9108497
        572  |  -.2609277   .5954403    -0.44   0.663     -1.45751    .9356544
        573  |  -.3209277   .5987447    -0.54   0.594     -1.52415    .8822948
        574  |  -.1809277   .5898018    -0.31   0.760    -1.366179    1.004323
        575  |  -.3409277    .576208    -0.59   0.557    -1.498861    .8170057
        576  |  -.2409277   .5836522    -0.41   0.682    -1.413821    .9319653
        577  |  -.1809277   .5481951    -0.33   0.743    -1.282567    .9207117
        578  |  -.2209277   .5417738    -0.41   0.685    -1.309663    .8678075
             |
       _cons |   .6994416   .1180285     5.93   0.000     .4622544    .9366288
-------------+----------------------------------------------------------------
     sigma_u |  2.1596513
     sigma_e |  2.1032871
         rho |  .51321961   (fraction of variance due to u_i)
------------------------------------------------------------------------------

.         estimates store high

. * All labs:
. xtreg tot_labs OTC i.date, fe vce(cluster state)

Fixed-effects (within) regression               Number of obs     =      4,937
Group variable: state                           Number of groups  =         50

R-sq:                                           Obs per group:
     within  = 0.1858                                         min =         87
     between = 0.2007                                         avg =       98.7
     overall = 0.0577                                         max =         99

                                                F(49,49)          =          .
corr(u_i, Xb)  = -0.0340                        Prob > F          =          .

                                 (Std. Err. adjusted for 50 clusters in state)
------------------------------------------------------------------------------
             |               Robust
    tot_labs |      Coef.   Std. Err.      t    P>|t|     [95% Conf. Interval]
-------------+----------------------------------------------------------------
         OTC |  -6.476603    1.82134    -3.56   0.001    -10.13672   -2.816485
             |
        date |
        481  |   .3061224   .6214196     0.49   0.624    -.9426671    1.554912
        482  |   .0816327   1.077629     0.08   0.940    -2.083944    2.247209
        483  |  -3.428571   1.158753    -2.96   0.005    -5.757173    -1.09997
        484  |  -2.734694   1.253596    -2.18   0.034    -5.253889   -.2154984
        485  |  -2.755102    1.21164    -2.27   0.027    -5.189984   -.3202199
        486  |  -2.142857   .8556115    -2.50   0.016    -3.862273   -.4234414
        487  |  -1.530612   1.065188    -1.44   0.157    -3.671187     .609963
        488  |  -2.244898   1.351728    -1.66   0.103    -4.961297    .4715011
        489  |  -.6122449   1.281664    -0.48   0.635    -3.187846    1.963356
        490  |  -1.795918   1.293173    -1.39   0.171    -4.394647    .8028101
        491  |  -3.389669   1.677952    -2.02   0.049     -6.76164   -.0176972
        492  |   2.675281    1.69368     1.58   0.121    -.7282965    6.078859
        493  |   .8152814   1.258773     0.65   0.520    -1.714318    3.344881
        494  |   4.535281    1.23058     3.69   0.001     2.062338    7.008225
        495  |   2.035281   1.138503     1.79   0.080     -.252627     4.32319
        496  |   1.755281   1.439251     1.22   0.228    -1.137002    4.647564
        497  |   .2952814   1.096469     0.27   0.789    -1.908156    2.498718
        498  |  -.8047186   1.431303    -0.56   0.577     -3.68103    2.071593
        499  |   1.695281   1.332694     1.27   0.209    -.9828665    4.373429
        500  |  -.4047186    1.54492    -0.26   0.794    -3.509353    2.699915
        501  |   1.955281   1.008991     1.94   0.058    -.0723617    3.982924
        502  |   1.595281   1.408858     1.13   0.263    -1.235924    4.426487
        503  |  -.2047186   1.793665    -0.11   0.910    -3.809224    3.399787
        504  |   5.055281   1.820356     2.78   0.008     1.397139    8.713424
        505  |   4.055281   1.548434     2.62   0.012     .9435862    7.166977
        506  |   3.295281   1.420687     2.32   0.025     .4403037    6.150259
        507  |   2.915281   1.524259     1.91   0.062    -.1478314    5.978394
        508  |   2.915281   1.440611     2.02   0.048     .0202643    5.810298
        509  |   1.215281    1.76926     0.69   0.495    -2.340179    4.770742
        510  |   1.775281   1.970693     0.90   0.372    -2.184975    5.735537
        511  |   2.595281    1.81894     1.43   0.160    -1.060015    6.250578
        512  |   2.255281   1.885121     1.20   0.237    -1.533011    6.043574
        513  |   4.035281   2.033049     1.98   0.053    -.0502832    8.120846
        514  |   2.535281   1.967471     1.29   0.204    -1.418499    6.489061
        515  |   2.095281   2.066954     1.01   0.316    -2.058418    6.248981
        516  |   7.075281   2.253815     3.14   0.003      2.54607    11.60449
        517  |   5.655281   1.957149     2.89   0.006     1.722244    9.588319
        518  |   6.575281   2.292053     2.87   0.006     1.969229    11.18133
        519  |   6.215281   2.445935     2.54   0.014     1.299992    11.13057
        520  |   5.155281   2.495227     2.07   0.044     .1409354    10.16963
        521  |   3.095281    2.55965     1.21   0.232    -2.048528    8.239091
        522  |   3.515281    2.31233     1.52   0.135     -1.13152    8.162083
        523  |   2.655281   2.211566     1.20   0.236    -1.789026    7.099589
        524  |   3.555281   2.546931     1.40   0.169    -1.562968    8.673531
        525  |   4.595281   2.572722     1.79   0.080    -.5747963    9.765359
        526  |   2.715281   2.668916     1.02   0.314    -2.648105    8.078668
        527  |   1.635281   2.768207     0.59   0.557    -3.927639    7.198202
        528  |   6.275281   3.224567     1.95   0.057    -.2047277    12.75529
        529  |   6.975281   3.031732     2.30   0.026     .8827881    13.06777
        530  |   9.195281   3.354517     2.74   0.009     2.454127    15.93644
        531  |   6.614589   3.047488     2.17   0.035     .4904327    12.73875
        532  |   5.124813   3.049569     1.68   0.099    -1.003526    11.25315
        533  |   3.464813   2.938395     1.18   0.244    -2.440111    9.369738
        534  |   2.564813   2.751428     0.93   0.356    -2.964388    8.094015
        535  |   3.944813   3.219676     1.23   0.226    -2.525369      10.415
        536  |   3.404813   2.994342     1.14   0.261    -2.612542    9.422169
        537  |   2.944813    3.12263     0.94   0.350    -3.330347    9.219974
        538  |   .6452617   3.069807     0.21   0.834    -5.523747     6.81427
        539  |   .8143455   2.910661     0.28   0.781    -5.034846    6.663537
        540  |   3.470167   3.220413     1.08   0.287    -3.001495    9.941829
        541  |   2.763878   3.366201     0.82   0.416    -4.000756    9.528511
        542  |   4.241484   3.068013     1.38   0.173    -1.923919    10.40689
        543  |   1.807259   3.199766     0.56   0.575    -4.622911     8.23743
        544  |   -1.02992   3.054764    -0.34   0.737    -7.168697    5.108857
        545  |   -2.11779   3.036783    -0.70   0.489    -8.220433    3.984854
        546  |  -.7418248   3.206121    -0.23   0.818    -7.184766    5.701117
        547  |  -1.180693    3.22329    -0.37   0.716    -7.658136     5.29675
        548  |  -3.097538   3.226965    -0.96   0.342    -9.582367    3.387292
        549  |  -2.596602   3.364322    -0.77   0.444    -9.357461    4.164257
        550  |    -2.8467   3.405203    -0.84   0.407    -9.689712    3.996313
        551  |   -2.45608   3.340462    -0.74   0.466     -9.16899     4.25683
        552  |   1.917304   3.421855     0.56   0.578     -4.95917    8.793779
        553  |   .1993717   3.453188     0.06   0.954    -6.740068    7.138812
        554  |   1.679372   3.370743     0.50   0.621     -5.09439    8.453134
        555  |   1.570131   3.689913     0.43   0.672    -5.845027    8.985289
        556  |   2.151885    3.71994     0.58   0.566    -5.323615    9.627385
        557  |   1.031885   3.534937     0.29   0.772    -6.071838    8.135607
        558  |  -.4081151    3.74719    -0.11   0.914    -7.938376    7.122146
        559  |   .2318849   3.749439     0.06   0.951    -7.302896    7.766665
        560  |  -1.128115   3.765243    -0.30   0.766    -8.694654    6.438424
        561  |  -1.188115    3.82177    -0.31   0.757    -8.868249    6.492018
        562  |  -.5681151    3.88529    -0.15   0.884    -8.375897    7.239666
        563  |  -.9281151     3.8572    -0.24   0.811    -8.679448    6.823218
        564  |  -.8681151   3.816741    -0.23   0.821    -8.538144    6.801914
        565  |  -.8681151   3.830245    -0.23   0.822     -8.56528     6.82905
        566  |  -.7481151   3.758064    -0.20   0.843    -8.300227    6.803997
        567  |  -.8081151   3.811744    -0.21   0.833    -8.468101     6.85187
        568  |  -.7281151   3.815623    -0.19   0.849    -8.395897    6.939667
        569  |  -.8081151   3.644889    -0.22   0.825    -8.132795    6.516564
        570  |  -.4681151    3.75929    -0.12   0.901    -8.022692    7.086461
        571  |   .0918849    3.83725     0.02   0.981    -7.619358    7.803128
        572  |  -.4481151   3.709322    -0.12   0.904    -7.902277    7.006047
        573  |  -.9681151   3.771151    -0.26   0.798    -8.546527    6.610297
        574  |  -1.128115   3.743698    -0.30   0.764    -8.651358    6.395128
        575  |  -1.548115   3.688281    -0.42   0.677    -8.959994    5.863764
        576  |  -.8881151   3.801252    -0.23   0.816    -8.527017    6.750787
        577  |  -1.428115    3.92999    -0.36   0.718    -9.325725    6.469495
        578  |  -1.908115   3.889758    -0.49   0.626    -9.724876    5.908646
             |
       _cons |   11.60973   2.035454     5.70   0.000      7.51933    15.70013
-------------+----------------------------------------------------------------
     sigma_u |  14.464564
     sigma_e |  10.210897
         rho |  .66740966   (fraction of variance due to u_i)
------------------------------------------------------------------------------

.         estimates store all

. * Generate output table using outreg2
. *ssc install outreg2
. outreg2 OTC [low med high all] using "Resultstable.tex", tex replace
command outreg2 is unrecognized
r(199);

end of do-file

r(199);

. install -outreg2-
command install is unrecognized
r(199);

. do "C:\Users\nfurbach\AppData\Local\Temp\STD02000000.tmp"

. * Generate output table using outreg2
. ssc install outreg2
checking outreg2 consistency and verifying not already installed...
installing into c:\ado\plus\...
installation complete.

. outreg2 OTC [low med high all] using "Resultstable.tex", tex replace
c:\ado\plus/o/outreg2.ado
Resultstable.tex
dir : seeout

.          estimates drop all high med low

. 
.         
. * Exercise (d): See accompanying PDF
. * Exercise (e): See accompanying PDF
. 
.         
. * Exercise (f)
. * Generate dummy variables from event_horizon variable which measures the month
. * relative to the introduction of an OTC regulation.
. forval i = -12(1)24{
  2.         if `i'<0{
  3.         gen  t_neg`=`i'*(-1)' = 1 if `i' == event_horizon
  4.                 replace t_neg`=`i'*(-1)' = 0 if `i' != event_horizon
  5.         }
  6.         else{
  7.         gen t_`i' = 1 if `i' == event_horizon
  8.                 replace t_`i' = 0 if `i' != event_horizon
  9.         }
 10. }
(5,337 missing values generated)
(5,337 real changes made)
(5,337 missing values generated)
(5,337 real changes made)
(5,337 missing values generated)
(5,337 real changes made)
(5,337 missing values generated)
(5,337 real changes made)
(5,337 missing values generated)
(5,337 real changes made)
(5,337 missing values generated)
(5,337 real changes made)
(5,337 missing values generated)
(5,337 real changes made)
(5,337 missing values generated)
(5,337 real changes made)
(5,337 missing values generated)
(5,337 real changes made)
(5,337 missing values generated)
(5,337 real changes made)
(5,337 missing values generated)
(5,337 real changes made)
(5,337 missing values generated)
(5,337 real changes made)
(5,337 missing values generated)
(5,337 real changes made)
(5,337 missing values generated)
(5,337 real changes made)
(5,337 missing values generated)
(5,337 real changes made)
(5,337 missing values generated)
(5,337 real changes made)
(5,337 missing values generated)
(5,337 real changes made)
(5,337 missing values generated)
(5,337 real changes made)
(5,337 missing values generated)
(5,337 real changes made)
(5,337 missing values generated)
(5,337 real changes made)
(5,337 missing values generated)
(5,337 real changes made)
(5,337 missing values generated)
(5,337 real changes made)
(5,337 missing values generated)
(5,337 real changes made)
(5,337 missing values generated)
(5,337 real changes made)
(5,337 missing values generated)
(5,337 real changes made)
(5,337 missing values generated)
(5,337 real changes made)
(5,337 missing values generated)
(5,337 real changes made)
(5,337 missing values generated)
(5,337 real changes made)
(5,337 missing values generated)
(5,337 real changes made)
(5,337 missing values generated)
(5,337 real changes made)
(5,337 missing values generated)
(5,337 real changes made)
(5,337 missing values generated)
(5,337 real changes made)
(5,337 missing values generated)
(5,337 real changes made)
(5,337 missing values generated)
(5,337 real changes made)
(5,337 missing values generated)
(5,337 real changes made)
(5,337 missing values generated)
(5,337 real changes made)
(5,337 missing values generated)
(5,337 real changes made)

. 
. * Generate state-specific time-trend
. forvalues i = 1(1)51{
  2.         gen datenum_`i' = datenum
  3.                 replace datenum_`i' = 0 if state != `i'
  4.         }
(5,279 real changes made)
(5,279 real changes made)
(5,279 real changes made)
(5,279 real changes made)
(5,279 real changes made)
(5,279 real changes made)
(5,279 real changes made)
(5,280 real changes made)
(5,279 real changes made)
(5,279 real changes made)
(5,279 real changes made)
(5,279 real changes made)
(5,279 real changes made)
(5,279 real changes made)
(5,279 real changes made)
(5,279 real changes made)
(5,279 real changes made)
(5,279 real changes made)
(5,279 real changes made)
(5,279 real changes made)
(5,279 real changes made)
(5,279 real changes made)
(5,279 real changes made)
(5,279 real changes made)
(5,279 real changes made)
(5,279 real changes made)
(5,279 real changes made)
(5,279 real changes made)
(5,279 real changes made)
(5,279 real changes made)
(5,279 real changes made)
(5,279 real changes made)
(5,279 real changes made)
(5,279 real changes made)
(5,279 real changes made)
(5,279 real changes made)
(5,279 real changes made)
(5,279 real changes made)
(5,279 real changes made)
(5,279 real changes made)
(5,279 real changes made)
(5,279 real changes made)
(5,279 real changes made)
(5,279 real changes made)
(5,279 real changes made)
(5,279 real changes made)
(5,279 real changes made)
(5,291 real changes made)
(5,279 real changes made)
(5,279 real changes made)
(5,387 real changes made)

. 
. 
. 
. * Regress equation (2) of the Dobnik et al. (2014) paper with the number of labs
. * producing under 2oz as the dependent variable
. reg cap_under_2_oz t_* i.state i.date datenum_*, noconst 
note: datenum_51 omitted because of collinearity

      Source |       SS           df       MS      Number of obs   =     4,937
-------------+----------------------------------   F(234, 4703)    =    125.07
       Model |  948755.939       234  4054.51256   Prob > F        =    0.0000
    Residual |  152461.061     4,703  32.4178314   R-squared       =    0.8616
-------------+----------------------------------   Adj R-squared   =    0.8547
       Total |     1101217     4,937  223.053879   Root MSE        =    5.6937

------------------------------------------------------------------------------
cap_under_~z |      Coef.   Std. Err.      t    P>|t|     [95% Conf. Interval]
-------------+----------------------------------------------------------------
     t_neg12 |   4.423663   .9154165     4.83   0.000     2.629017    6.218308
     t_neg11 |    4.61942   .9194738     5.02   0.000     2.816821     6.42202
     t_neg10 |   6.692156   .9227681     7.25   0.000     4.883098    8.501213
      t_neg9 |   5.671975   .9301577     6.10   0.000      3.84843     7.49552
      t_neg8 |   4.883483   .9352425     5.22   0.000      3.04997    6.716997
      t_neg7 |   7.276331   .9398306     7.74   0.000     5.433823    9.118839
      t_neg6 |   7.069044   .9477074     7.46   0.000     5.211094    8.926995
      t_neg5 |   7.796508   .9515764     8.19   0.000     5.930973    9.662044
      t_neg4 |   8.274112   .9558755     8.66   0.000     6.400148    10.14808
      t_neg3 |   6.487227   .9686254     6.70   0.000     4.588268    8.386187
      t_neg2 |   7.950719   .9736073     8.17   0.000     6.041992    9.859445
      t_neg1 |   7.422688   .9768239     7.60   0.000     5.507655     9.33772
         t_0 |   7.298278   .9805142     7.44   0.000     5.376011    9.220545
         t_1 |   5.919349    .983323     6.02   0.000     3.991575    7.847123
         t_2 |   5.358768   .9853148     5.44   0.000      3.42709    7.290447
         t_3 |   4.528422   .9881743     4.58   0.000     2.591137    6.465706
         t_4 |   4.627447   .9890862     4.68   0.000     2.688375     6.56652
         t_5 |    4.97688   .9903522     5.03   0.000     3.035326    6.918435
         t_6 |   3.968395   .9910988     4.00   0.000     2.025377    5.911413
         t_7 |   4.950225    .990524     5.00   0.000     3.008334    6.892116
         t_8 |    5.33571   .9892762     5.39   0.000     3.396265    7.275155
         t_9 |   4.009154   .9887402     4.05   0.000      2.07076    5.947548
        t_10 |   5.014879   .9856835     5.09   0.000     3.082477     6.94728
        t_11 |   4.589845   .9840757     4.66   0.000     2.660595    6.519094
        t_12 |   4.091745   .9811824     4.17   0.000     2.168168    6.015322
        t_13 |   3.488842   .9775096     3.57   0.000     1.572465    5.405219
        t_14 |   3.912695   .9747696     4.01   0.000      2.00169    5.823701
        t_15 |   2.608653   .9721118     2.68   0.007     .7028583    4.514448
        t_16 |   2.239624    .956861     2.34   0.019     .3637281     4.11552
        t_17 |   2.424755   .9524701     2.55   0.011     .5574674    4.292043
        t_18 |   2.119078   .9497729     2.23   0.026     .2570785    3.981078
        t_19 |   2.754502   .9409454     2.93   0.003     .9098079    4.599196
        t_20 |   2.633163   .9365343     2.81   0.005     .7971172    4.469209
        t_21 |   2.092496   .9321776     2.24   0.025      .264991    3.920001
        t_22 |   1.924072   .9235606     2.08   0.037     .1134606    3.734684
        t_23 |    2.28391   .9205143     2.48   0.013     .4792701    4.088549
        t_24 |   .6614039   1.079317     0.61   0.540    -1.454563    2.777371
             |
       state |
         AL  |   5.452122   1.551352     3.51   0.000     2.410744    8.493499
         AR  |   24.30111     1.5529    15.65   0.000      21.2567    27.34552
         AZ  |   14.97169   1.550727     9.65   0.000     11.93154    18.01184
         CA  |   72.86582    1.55056    46.99   0.000     69.82599    75.90564
         CO  |   8.549009   1.551352     5.51   0.000     5.507632    11.59039
         CT  |  -2.387406   1.550682    -1.54   0.124     -5.42747    .6526572
         DC  |   -1.35047   1.337312    -1.01   0.313    -3.972229    1.271288
         DE  |   -2.96853   1.550727    -1.91   0.056    -6.008681    .0716204
         GA  |   1.209492   1.551352     0.78   0.436    -1.831886    4.250869
         HI  |  -3.137241   1.551352    -2.02   0.043    -6.178619   -.0958636
         IA  |   22.27602   1.552024    14.35   0.000     19.23332    25.31871
         ID  |   3.243185   1.550682     2.09   0.037     .2031215    6.283249
         IL  |    13.5162    1.55056     8.72   0.000     10.47637    16.55602
         IN  |   24.54468   1.551352    15.82   0.000      21.5033    27.58606
         KS  |   23.95235   1.552437    15.43   0.000     20.90884    26.99585
         KY  |   5.314596   1.551663     3.43   0.001      2.27261    8.356582
         LA  |  -1.560218   1.551093    -1.01   0.315    -4.601087    1.480651
         MA  |  -2.365143   1.550682    -1.53   0.127    -5.405207    .6749206
         MD  |  -2.331129   1.550682    -1.50   0.133    -5.371193    .7089342
         ME  |  -2.878829    1.55062    -1.86   0.063    -5.918771    .1611121
         MI  |   .7021104   1.550564     0.45   0.651    -2.337722    3.741943
         MN  |    5.62858   1.551352     3.63   0.000     2.587203    8.669958
         MO  |   48.36634   1.551663    31.17   0.000     45.32435    51.40832
         MS  |   7.855956   1.551352     5.06   0.000     4.814579    10.89733
         MT  |  -.5254085   1.551352    -0.34   0.735    -3.566786    2.515969
         NC  |  -1.473701    1.55056    -0.95   0.342    -4.513524    1.566122
         ND  |   .4768305   1.551663     0.31   0.759    -2.565156    3.518817
         NE  |   1.106271   1.550884     0.71   0.476    -1.934189    4.146731
         NH  |  -2.365349   1.550682    -1.53   0.127    -5.405413    .6747145
         NJ  |  -2.853474    1.55062    -1.84   0.066    -5.893415    .1864677
         NM  |   1.673966   1.553978     1.08   0.281    -1.372559    4.720491
         NV  |   7.177013   1.550682     4.63   0.000      4.13695    10.21708
         NY  |  -2.249703   1.550682    -1.45   0.147    -5.289767    .7903608
         OH  |   .7424637   1.550682     0.48   0.632      -2.2976    3.782527
         OK  |   28.82193   1.561331    18.46   0.000     25.76098    31.88287
         OR  |   23.62464   1.555259    15.19   0.000      20.5756    26.67368
         PA  |  -1.196724   1.550682    -0.77   0.440    -4.236788     1.84334
         RI  |  -2.332985   1.550682    -1.50   0.133    -5.373048     .707079
         SC  |  -1.441622   1.550682    -0.93   0.353    -4.481686    1.598442
         SD  |  -1.609423   1.550682    -1.04   0.299    -4.649486    1.430641
         TN  |   17.62744     1.5529    11.35   0.000     14.58302    20.67185
         TX  |   17.07264   1.551093    11.01   0.000     14.03177    20.11351
         UT  |   6.252049   1.550682     4.03   0.000     3.211986    9.292113
         VA  |  -2.221468   1.550727    -1.43   0.152    -5.261618    .8186828
         VT  |  -2.394209   1.550682    -1.54   0.123    -5.434273    .6458545
         WA  |   51.78834   1.551352    33.38   0.000     48.74696    54.82972
         WI  |   21.63161   13.34188     1.62   0.105    -4.524725    47.78794
         WV  |  -1.801846   1.551352    -1.16   0.246    -4.843224    1.239531
         WY  |  -1.338024   1.551352    -0.86   0.388    -4.379402    1.703353
             |
        date |
        481  |  -1.684849   1.889294    -0.89   0.373    -5.388751    2.019053
        482  |  -4.687172   2.937008    -1.60   0.111    -10.44508    1.070739
        483  |  -9.362965   4.053367    -2.31   0.021    -17.30946   -1.416466
        484  |   -10.3857   5.194299    -2.00   0.046    -20.56896   -.2024361
        485  |    -12.837   6.346566    -2.02   0.043    -25.27924   -.3947572
        486  |  -14.36994   7.504947    -1.91   0.056    -29.08315    .3432781
        487  |  -15.94369   8.666993    -1.84   0.066    -32.93505     1.04768
        488  |  -18.96642   9.831403    -1.93   0.054    -38.24057    .3077373
        489  |  -19.64221   10.99743    -1.79   0.074    -41.20232    1.917897
        490  |  -22.42004    12.1646    -1.84   0.065    -46.26836     1.42827
        491  |  -25.41115    13.3177    -1.91   0.056    -51.52009    .6977859
        492  |  -23.42903   14.47685    -1.62   0.106    -51.81043    4.952364
        493  |  -26.71204   15.64603    -1.71   0.088    -57.38559    3.961515
        494  |  -26.17504   16.81561    -1.56   0.120    -59.14151    6.791436
        495  |  -29.49804    17.9855    -1.64   0.101    -64.75805    5.761976
        496  |  -31.52104   19.15565    -1.65   0.100     -69.0751    6.033021
        497  |  -35.20404   20.32602    -1.73   0.083    -75.05256    4.644485
        498  |  -37.70704   21.49656    -1.75   0.079    -79.85038      4.4363
        499  |  -38.09004   22.66726    -1.68   0.093    -82.52849     6.34841
        500  |  -41.29304   23.83808    -1.73   0.083    -88.02685    5.440772
        501  |  -41.91604   25.00902    -1.68   0.094    -90.94543    7.113352
        502  |  -44.63904   26.18005    -1.71   0.088     -95.9642    6.686119
        503  |  -47.38204   27.35116    -1.73   0.083    -101.0031     6.23905
        504  |  -45.48504   28.52235    -1.59   0.111    -101.4022    10.43212
        505  |  -48.78804    29.6936    -1.64   0.100    -107.0014    9.425325
        506  |  -51.45104   30.86491    -1.67   0.096    -111.9607    9.058638
        507  |  -53.67404   32.03627    -1.68   0.094    -116.4801    9.132051
        508  |  -55.23704   33.20767    -1.66   0.096    -120.3396    9.865553
        509  |  -58.56005   34.37912    -1.70   0.089    -125.9592    8.839135
        510  |  -59.62305    35.5506    -1.68   0.094    -129.3189    10.07279
        511  |  -61.74605   36.72212    -1.68   0.093    -133.7386    10.24651
        512  |  -63.48905   37.89366    -1.68   0.094    -137.7784    10.80029
        513  |  -64.13205   39.06524    -1.64   0.101    -140.7182    12.45412
        514  |  -66.99505   40.23684    -1.67   0.096    -145.8781      11.888
        515  |  -69.31805   41.40846    -1.67   0.094     -150.498    11.86193
        516  |  -68.66105    42.5801    -1.61   0.107     -152.138     14.8159
        517  |  -71.26405   43.75176    -1.63   0.103     -157.038     14.5099
        518  |  -72.78705   44.92344    -1.62   0.105     -160.858    15.28395
        519  |  -74.83852    46.0952    -1.62   0.105    -165.2067    15.52967
        520  |  -76.98544   47.26692    -1.63   0.103    -169.6507    15.67987
        521  |   -80.0699   48.43865    -1.65   0.098    -175.0323    14.89255
        522  |  -82.03249   49.61039    -1.65   0.098    -179.2921    15.22712
        523  |  -84.45972   50.78215    -1.66   0.096    -184.0165    15.09708
        524  |  -86.15058   51.95392    -1.66   0.097    -188.0046    15.70344
        525  |  -87.44944    53.1257    -1.65   0.100    -191.6007    16.70182
        526  |  -90.43546   54.29755    -1.67   0.096    -196.8841    16.01318
        527  |  -93.43193   55.46935    -1.68   0.092    -202.1778    15.31399
        528  |  -92.00912   56.64123    -1.62   0.104    -203.0525    19.03422
        529  |   -93.1449   57.81305    -1.61   0.107    -206.4856    20.19577
        530  |  -94.03997   58.98502    -1.59   0.111    -209.6782     21.5983
        531  |  -97.70424   60.15693    -1.62   0.104      -215.64    20.23152
        532  |   -100.995   61.32885    -1.65   0.100    -221.2283    19.23824
        533  |  -104.2992   62.50094    -1.67   0.095    -226.8303     18.2319
        534  |  -107.9455   63.67388    -1.70   0.090    -232.7761    16.88515
        535  |  -109.7532   64.84598    -1.69   0.091    -236.8817     17.3753
        536  |  -112.0769     66.018    -1.70   0.090    -241.5031    17.34932
        537  |  -114.5152   67.19033    -1.70   0.088    -246.2397    17.20933
        538  |  -118.3375   68.36249    -1.73   0.084      -252.36    15.68501
        539  |  -121.1069   69.53458    -1.74   0.082    -257.4272    15.21349
        540  |  -121.0706   70.70687    -1.71   0.087    -259.6892    17.54799
        541  |  -123.7395   71.87889    -1.72   0.085    -264.6558    17.17679
        542  |  -124.5452   73.05091    -1.70   0.088    -267.7592    18.66884
        543  |  -129.0865    74.2249    -1.74   0.082     -274.602    16.42911
        544  |  -134.0882     75.397    -1.78   0.075    -281.9016    13.72525
        545  |  -137.5835   76.56905    -1.80   0.072    -287.6947    12.52776
        546  |  -139.1139   77.74118    -1.79   0.074     -291.523    13.29521
        547  |  -140.6759   78.91325    -1.78   0.075    -295.3829      14.031
        548  |  -145.2032   80.08529    -1.81   0.070    -302.2079    11.80145
        549  |  -146.8491   81.25737    -1.81   0.071    -306.1516    12.45341
        550  |  -149.1829   82.42936    -1.81   0.070    -310.7831    12.41725
        551  |  -150.7796   83.60134    -1.80   0.071    -314.6774    13.11821
        552  |   -148.669    84.7734    -1.75   0.080    -314.8646    17.52657
        553  |  -152.7019   85.94535    -1.78   0.076    -321.1951    15.79121
        554  |  -153.1619   87.11726    -1.76   0.079    -323.9526    17.62871
        555  |  -156.2767    88.2891    -1.77   0.077    -329.3647    16.81125
        556  |  -157.7082   89.46097    -1.76   0.078    -333.0937    17.67717
        557  |  -160.3537   90.63281    -1.77   0.077    -338.0365    17.32904
        558  |  -162.9359   91.80466    -1.77   0.076    -342.9161    17.04425
        559  |  -164.3848   92.97648    -1.77   0.077    -346.6623    17.89265
        560  |  -167.5817   94.14827    -1.78   0.075    -352.1564    16.99303
        561  |  -168.7009      95.32    -1.77   0.077    -355.5728    18.17097
        562  |  -170.3339   96.49169    -1.77   0.078    -359.5029      18.835
        563  |  -172.6988   97.66343    -1.77   0.077    -364.1649    18.76729
        564  |  -173.9864   98.83507    -1.76   0.078    -367.7495    19.77661
        565  |  -176.4529   100.0068    -1.76   0.078     -372.513    19.60728
        566  |  -177.9184   101.1784    -1.76   0.079    -376.2754    20.43867
        567  |  -179.7064     102.35    -1.76   0.079    -380.3603    20.94755
        568  |  -181.4514   103.5217    -1.75   0.080    -384.4024    21.49951
        569  |  -183.5218   104.6932    -1.75   0.080    -388.7695    21.72591
        570  |  -184.4282   105.8642    -1.74   0.082    -391.9716    23.11532
        571  |  -185.5705   107.0355    -1.73   0.083    -395.4102    24.26932
        572  |  -187.9177   108.2073    -1.74   0.083    -400.0547    24.21921
        573  |  -189.9785   109.3788    -1.74   0.082    -404.4122    24.45526
        574  |  -192.4841   110.5505    -1.74   0.082    -409.2149    24.24668
        575  |   -194.651   111.7223    -1.74   0.082     -413.679    24.37706
        576  |  -195.4704   112.8939    -1.73   0.083    -416.7954    25.85463
        577  |  -197.8398   114.0658    -1.73   0.083    -421.4622    25.78263
        578  |  -200.4979   115.2377    -1.74   0.082    -426.4178    25.42191
             |
   datenum_1 |   1.995413   1.160079     1.72   0.085     -.278885    4.269712
   datenum_2 |   2.070794   1.172279     1.77   0.077    -.2274227    4.369011
   datenum_3 |   1.946138   1.172289     1.66   0.097    -.3520972    4.244372
   datenum_4 |   1.809494   1.172273     1.54   0.123    -.4887103    4.107698
   datenum_5 |   1.145955   1.172266     0.98   0.328    -1.152237    3.444146
   datenum_6 |   1.937745   1.172279     1.65   0.098    -.3604716    4.235962
   datenum_7 |   2.012769    1.17226     1.72   0.086    -.2854102    4.310948
   datenum_8 |    2.02593   1.179421     1.72   0.086    -.2862877    4.338148
   datenum_9 |   2.023854   1.172273     1.73   0.084    -.2743503    4.322058
  datenum_10 |   2.080293   1.172279     1.77   0.076    -.2179237     4.37851
  datenum_11 |   2.032278   1.172279     1.73   0.083    -.2659385    4.330495
  datenum_12 |   1.857953   1.172284     1.58   0.113    -.4402732    4.156178
  datenum_13 |   1.953288    1.17226     1.67   0.096    -.3448907    4.251467
  datenum_14 |   2.026684   1.172266     1.73   0.084    -.2715073    4.324876
  datenum_15 |   1.985105   1.172279     1.69   0.090    -.3131123    4.283321
  datenum_16 |   1.753517   1.172286     1.50   0.135    -.5447133    4.051747
  datenum_17 |   2.143242   1.172282     1.83   0.068    -.1549797    4.441463
  datenum_18 |   2.032657   1.172277     1.73   0.083    -.2655554     4.33087
  datenum_19 |   2.011717    1.17226     1.72   0.086    -.2864615    4.309896
  datenum_20 |   2.011643    1.17226     1.72   0.086    -.2865357    4.309822
  datenum_21 |    2.02307   1.172271     1.73   0.084    -.2751301    4.321269
  datenum_22 |   2.095693   1.172269     1.79   0.074    -.2025023    4.393889
  datenum_23 |   1.954134   1.172279     1.67   0.096    -.3440832     4.25235
  datenum_24 |   1.797762   1.172282     1.53   0.125    -.5004589    4.095984
  datenum_25 |   1.984536   1.172279     1.69   0.091    -.3136812    4.282752
  datenum_26 |   2.007516   1.172279     1.71   0.087    -.2907004    4.305733
  datenum_27 |   2.108502   1.172266     1.80   0.072    -.1896891    4.406694
  datenum_28 |   2.006866   1.172282     1.71   0.087    -.2913557    4.305087
  datenum_29 |   1.987408   1.172275     1.70   0.090    -.3108001    4.285616
  datenum_30 |   2.012732    1.17226     1.72   0.086    -.2854473    4.310911
  datenum_31 |   2.023169   1.172271     1.73   0.084    -.2750311    4.321368
  datenum_32 |    2.01363   1.172293     1.72   0.086    -.2846141    4.311874
  datenum_33 |    1.89643    1.17226     1.62   0.106    -.4017491    4.194609
  datenum_34 |   2.024964    1.17226     1.73   0.084    -.2732147    4.323143
  datenum_35 |   2.056838    1.17226     1.75   0.079    -.2413409    4.355017
  datenum_36 |   1.766832   1.172316     1.51   0.132     -.531456    4.065121
  datenum_37 |   1.776435   1.172298     1.52   0.130    -.5218189    4.074688
  datenum_38 |   2.023097    1.17226     1.73   0.084    -.2750824    4.321275
  datenum_39 |   2.011074    1.17226     1.72   0.086    -.2871047    4.309253
  datenum_40 |   2.046782    1.17226     1.75   0.081    -.2513966    4.344961
  datenum_41 |   2.006906    1.17226     1.71   0.087    -.2912729    4.305085
  datenum_42 |   2.270318   1.172289     1.94   0.053    -.0279166    4.568553
  datenum_43 |   1.861414   1.172277     1.59   0.112    -.4367985    4.159626
  datenum_44 |   1.907252    1.17226     1.63   0.104    -.3909265    4.205431
  datenum_45 |   2.042246   1.172273     1.74   0.082    -.2559583     4.34045
  datenum_46 |   2.011693    1.17226     1.72   0.086    -.2864862    4.309872
  datenum_47 |   1.455989   1.172279     1.24   0.214    -.8422279    3.754206
  datenum_48 |   2.036189   1.172262     1.74   0.082    -.2619934    4.334371
  datenum_49 |   2.071227   1.172279     1.77   0.077    -.2269898    4.369444
  datenum_50 |    2.01286   1.172279     1.72   0.086    -.2853572    4.311076
  datenum_51 |          0  (omitted)
------------------------------------------------------------------------------

. 
. 
. * Extract ceofficients and confidence intervals from regression output
. * Save regression output in matrix and convert matrix to variables
. matrix rt = r(table)

.         svmat rt

.         
.         * Generate variables before looping over regression output (F3 subindex used
.         * for variables created to replicate Figure 3 below)
.         gen coeffs2oz = .       
(5,387 missing values generated)

.         gen ci_lb_2oz = .
(5,387 missing values generated)

.         gen ci_ub_2oz = .
(5,387 missing values generated)

.         gen coeffs2ozF3 = .
(5,387 missing values generated)

.         gen ci_lb_2ozF3 = .
(5,387 missing values generated)

.         gen ci_ub_2ozF3 = .
(5,387 missing values generated)

.         
.         * Looping over regression output and assign respective values to newly 
.         * generated variables 
.         forval i = 1(1)37{
  2.                 replace coeffs2oz = rt`i'[1] in `i'
  3.                 replace coeffs2ozF3 = coeffs2oz - rt12[1] in `i'
  4.                 replace ci_lb_2oz = rt`i'[5] in `i'
  5.                 replace ci_lb_2ozF3 = ci_lb_2oz - rt12[5] in `i'
  6.                 replace ci_ub_2oz = rt`i'[6] in `i'
  7.                 replace ci_ub_2ozF3 = ci_ub_2oz - rt12[6] in `i'
  8.         }
(1 real change made)
(1 real change made)
(1 real change made)
(1 real change made)
(1 real change made)
(1 real change made)
(1 real change made)
(1 real change made)
(1 real change made)
(1 real change made)
(1 real change made)
(1 real change made)
(1 real change made)
(1 real change made)
(1 real change made)
(1 real change made)
(1 real change made)
(1 real change made)
(1 real change made)
(1 real change made)
(1 real change made)
(1 real change made)
(1 real change made)
(1 real change made)
(1 real change made)
(1 real change made)
(1 real change made)
(1 real change made)
(1 real change made)
(1 real change made)
(1 real change made)
(1 real change made)
(1 real change made)
(1 real change made)
(1 real change made)
(1 real change made)
(1 real change made)
(1 real change made)
(1 real change made)
(1 real change made)
(1 real change made)
(1 real change made)
(1 real change made)
(1 real change made)
(1 real change made)
(1 real change made)
(1 real change made)
(1 real change made)
(1 real change made)
(1 real change made)
(1 real change made)
(1 real change made)
(1 real change made)
(1 real change made)
(1 real change made)
(1 real change made)
(1 real change made)
(1 real change made)
(1 real change made)
(1 real change made)
(1 real change made)
(1 real change made)
(1 real change made)
(1 real change made)
(1 real change made)
(1 real change made)
(1 real change made)
(1 real change made)
(1 real change made)
(1 real change made)
(1 real change made)
(1 real change made)
(1 real change made)
(1 real change made)
(1 real change made)
(1 real change made)
(1 real change made)
(1 real change made)
(1 real change made)
(1 real change made)
(1 real change made)
(1 real change made)
(1 real change made)
(1 real change made)
(1 real change made)
(1 real change made)
(1 real change made)
(1 real change made)
(1 real change made)
(1 real change made)
(1 real change made)
(1 real change made)
(1 real change made)
(1 real change made)
(1 real change made)
(1 real change made)
(1 real change made)
(1 real change made)
(1 real change made)
(1 real change made)
(1 real change made)
(1 real change made)
(1 real change made)
(1 real change made)
(1 real change made)
(1 real change made)
(1 real change made)
(1 real change made)
(1 real change made)
(1 real change made)
(1 real change made)
(1 real change made)
(1 real change made)
(1 real change made)
(1 real change made)
(1 real change made)
(1 real change made)
(1 real change made)
(1 real change made)
(1 real change made)
(1 real change made)
(1 real change made)
(1 real change made)
(1 real change made)
(1 real change made)
(1 real change made)
(1 real change made)
(1 real change made)
(1 real change made)
(1 real change made)
(1 real change made)
(1 real change made)
(1 real change made)
(1 real change made)
(1 real change made)
(1 real change made)
(1 real change made)
(1 real change made)
(1 real change made)
(1 real change made)
(1 real change made)
(1 real change made)
(1 real change made)
(1 real change made)
(1 real change made)
(1 real change made)
(1 real change made)
(1 real change made)
(1 real change made)
(1 real change made)
(1 real change made)
(1 real change made)
(1 real change made)
(1 real change made)
(1 real change made)
(1 real change made)
(1 real change made)
(1 real change made)
(1 real change made)
(1 real change made)
(1 real change made)
(1 real change made)
(1 real change made)
(1 real change made)
(1 real change made)
(1 real change made)
(1 real change made)
(1 real change made)
(1 real change made)
(1 real change made)
(1 real change made)
(1 real change made)
(1 real change made)
(1 real change made)
(1 real change made)
(1 real change made)
(1 real change made)
(1 real change made)
(1 real change made)
(1 real change made)
(1 real change made)
(1 real change made)
(1 real change made)
(1 real change made)
(1 real change made)
(1 real change made)
(1 real change made)
(1 real change made)
(1 real change made)
(1 real change made)
(1 real change made)
(1 real change made)
(1 real change made)
(1 real change made)
(1 real change made)
(1 real change made)
(1 real change made)
(1 real change made)
(1 real change made)
(1 real change made)
(1 real change made)
(1 real change made)
(1 real change made)
(1 real change made)
(1 real change made)
(1 real change made)
(1 real change made)
(1 real change made)
(1 real change made)
(1 real change made)
(1 real change made)
(1 real change made)
(1 real change made)
(1 real change made)
(1 real change made)
(1 real change made)
(1 real change made)
(1 real change made)
(1 real change made)
(1 real change made)
(1 real change made)
(1 real change made)

. * Drop the variables associated with the converted matrix of regression output
. * to avoid messing up the whole dataset
. drop rt*

.         
. * Regress equation (2) of the Dobnik et al. (2014) paper with the number of labs
. * producing 2 - 8oz as the dependent variable
. reg cap_2_8_oz t_* i.state i.date datenum_*, noconst
note: datenum_51 omitted because of collinearity

      Source |       SS           df       MS      Number of obs   =     4,937
-------------+----------------------------------   F(234, 4703)    =     51.53
       Model |  86922.5589       234  371.463927   Prob > F        =    0.0000
    Residual |  33903.4411     4,703  7.20889667   R-squared       =    0.7194
-------------+----------------------------------   Adj R-squared   =    0.7054
       Total |      120826     4,937  24.4735669   Root MSE        =    2.6849

------------------------------------------------------------------------------
  cap_2_8_oz |      Coef.   Std. Err.      t    P>|t|     [95% Conf. Interval]
-------------+----------------------------------------------------------------
     t_neg12 |   2.068261   .4316792     4.79   0.000     1.221968    2.914555
     t_neg11 |   1.477293   .4335925     3.41   0.001     .6272482    2.327337
     t_neg10 |   2.158716    .435146     4.96   0.000     1.305626    3.011806
      t_neg9 |   1.311641   .4386307     2.99   0.003     .4517189    2.171562
      t_neg8 |   2.370749   .4410285     5.38   0.000     1.506127    3.235372
      t_neg7 |   2.091553   .4431921     4.72   0.000     1.222689    2.960417
      t_neg6 |   2.113215   .4469065     4.73   0.000     1.237069    2.989361
      t_neg5 |   2.800479    .448731     6.24   0.000     1.920756    3.680202
      t_neg4 |    2.39343   .4507583     5.31   0.000     1.509732    3.277127
      t_neg3 |    2.44018   .4567708     5.34   0.000     1.544696    3.335665
      t_neg2 |   2.186944     .45912     4.76   0.000     1.286854    3.087035
      t_neg1 |   1.948251   .4606369     4.23   0.000     1.045187    2.851315
         t_0 |   1.929402   .4623771     4.17   0.000     1.022926    2.835878
         t_1 |   1.527542   .4637016     3.29   0.001     .6184697    2.436615
         t_2 |    1.34321   .4646409     2.89   0.004     .4322961    2.254124
         t_3 |   1.117741   .4659893     2.40   0.016     .2041837    2.031298
         t_4 |   1.157893   .4664193     2.48   0.013     .2434923    2.072293
         t_5 |   1.214997   .4670163     2.60   0.009     .2994257    2.130567
         t_6 |   1.064889   .4673684     2.28   0.023     .1486274     1.98115
         t_7 |   1.186015   .4670974     2.54   0.011     .2702849    2.101744
         t_8 |   1.011774   .4665089     2.17   0.030     .0971979     1.92635
         t_9 |   .5717529   .4662562     1.23   0.220    -.3423276    1.485834
        t_10 |   .4488684   .4648148     0.97   0.334    -.4623863    1.360123
        t_11 |   .6038528   .4640566     1.30   0.193    -.3059155    1.513621
        t_12 |   .4042238   .4626922     0.87   0.382    -.5028697    1.311317
        t_13 |   .4906078   .4609602     1.06   0.287    -.4130902    1.394306
        t_14 |    .392864   .4596682     0.85   0.393     -.508301    1.294029
        t_15 |   .2309222   .4584148     0.50   0.614    -.6677856     1.12963
        t_16 |   .3375177   .4512231     0.75   0.454    -.5470909    1.222126
        t_17 |   .1985822   .4491524     0.44   0.658     -.681967    1.079131
        t_18 |   .2267751   .4478805     0.51   0.613    -.6512806    1.104831
        t_19 |  -.0511448   .4437178    -0.12   0.908    -.9210395      .81875
        t_20 |   .1952181   .4416377     0.44   0.658    -.6705987    1.061035
        t_21 |   .2012049   .4395832     0.46   0.647     -.660584    1.062994
        t_22 |   .4004791   .4355197     0.92   0.358    -.4533436    1.254302
        t_23 |    .027361   .4340832     0.06   0.950    -.8236454    .8783675
        t_24 |  -.0600593   .5089691    -0.12   0.906    -1.057877    .9377585
             |
       state |
         AL  |     2.5378   .7315649     3.47   0.001      1.10359     3.97201
         AR  |   5.186862   .7322945     7.08   0.000     3.751222    6.622502
         AZ  |   1.964062   .7312698     2.69   0.007     .5304306    3.397693
         CA  |   16.41918   .7311911    22.46   0.000     14.98571    17.85266
         CO  |    3.99585   .7315649     5.46   0.000     2.561639     5.43006
         CT  |  -.9873576   .7312489    -1.35   0.177    -2.420948    .4462328
         DC  |  -1.300662   .6306308    -2.06   0.039    -2.536994   -.0643305
         DE  |   -1.14272   .7312698    -1.56   0.118    -2.576352    .2909113
         GA  |   .5262556   .7315649     0.72   0.472    -.9079544    1.960466
         HI  |  -1.160613   .7315649    -1.59   0.113    -2.594823    .2735969
         IA  |   3.483749   .7318818     4.76   0.000     2.048918     4.91858
         ID  |   .4315251   .7312489     0.59   0.555    -1.002065    1.865116
         IL  |    3.11904   .7311911     4.27   0.000     1.685563    4.552517
         IN  |   2.366289   .7315649     3.23   0.001     .9320786    3.800499
         KS  |   5.499705   .7320762     7.51   0.000     4.064492    6.934917
         KY  |   2.016546   .7317113     2.76   0.006     .5820493    3.451043
         LA  |  -.3631281   .7314425    -0.50   0.620    -1.797098    1.070842
         MA  |  -.9902436   .7312489    -1.35   0.176    -2.423834    .4433468
         MD  |  -.9873576   .7312489    -1.35   0.177    -2.420948    .4462328
         ME  |  -1.117035   .7312195    -1.53   0.127    -2.550568    .3164981
         MI  |   1.031306   .7311933     1.41   0.158    -.4021757    2.464787
         MN  |   .9762659   .7315649     1.33   0.182    -.4579441    2.410476
         MO  |   18.36245   .7317113    25.10   0.000     16.92796    19.79695
         MS  |    3.06903   .7315649     4.20   0.000      1.63482     4.50324
         MT  |   .1296364   .7315649     0.18   0.859    -1.304574    1.563846
         NC  |   .4919529   .7311911     0.67   0.501    -.9415242     1.92543
         ND  |  -.1910397   .7317113    -0.26   0.794    -1.625537    1.243457
         NE  |   .8802443   .7313441     1.20   0.229    -.5535329    2.314021
         NH  |  -.9708661   .7312489    -1.33   0.184    -2.404457    .4627243
         NJ  |  -1.136618   .7312195    -1.55   0.120    -2.570151    .2969145
         NM  |  -.2875143   .7328031    -0.39   0.695    -1.724152    1.149123
         NV  |   2.028103   .7312489     2.77   0.006     .5945127    3.461694
         NY  |  -.8195571   .7312489    -1.12   0.262    -2.253148    .6140333
         OH  |  -.1361929   .7312489    -0.19   0.852    -1.569783    1.297398
         OK  |   10.80311   .7362706    14.67   0.000     9.359672    12.24654
         OR  |   3.645036   .7334072     4.97   0.000     2.207214    5.082858
         PA  |  -.8708868   .7312489    -1.19   0.234    -2.304477    .5627037
         RI  |  -.9873576   .7312489    -1.35   0.177    -2.420948    .4462328
         SC  |  -.5321937   .7312489    -0.73   0.467    -1.965784    .9013967
         SD  |  -.6505198   .7312489    -0.89   0.374     -2.08411    .7830706
         TN  |   10.71789   .7322945    14.64   0.000     9.282246    12.15353
         TX  |   10.24706   .7314425    14.01   0.000     8.813085    11.68103
         UT  |    1.31794   .7312489     1.80   0.072    -.1156502    2.751531
         VA  |  -1.098193   .7312698    -1.50   0.133    -2.531825    .3354382
         VT  |  -1.004467   .7312489    -1.37   0.170    -2.438058     .429123
         WA  |    11.7023   .7315649    16.00   0.000     10.26809    13.13651
         WI  |  -6.546783   6.291575    -1.04   0.298    -18.88122    5.787652
         WV  |  -.8707759   .7315649    -1.19   0.234    -2.304986    .5634341
         WY  |  -.8122313   .7315649    -1.11   0.267    -2.246441    .6219787
             |
        date |
        481  |  -.1498866   .8909268    -0.17   0.866    -1.896521    1.596747
        482  |   .6785544   1.384993     0.49   0.624     -2.03668    3.393789
        483  |   .6906688    1.91143     0.36   0.718    -3.056629    4.437967
        484  |   1.008906   2.449455     0.41   0.680    -3.793173    5.810984
        485  |   1.551632   2.992824     0.52   0.604    -4.315705     7.41897
        486  |   1.951502   3.539077     0.55   0.581    -4.986748    8.889752
        487  |   2.800351   4.087058     0.69   0.493    -5.212199     10.8129
        488  |   3.322669   4.636155     0.72   0.474    -5.766366     12.4117
        489  |   4.191927   5.186012     0.81   0.419    -5.975086    14.35894
        490  |   4.306082   5.736411     0.75   0.453    -6.939971    15.55213
        491  |   4.483398   6.280175     0.71   0.475    -7.828688    16.79548
        492  |   6.374354   6.826787     0.93   0.350    -7.009347    19.75806
        493  |    6.29442   7.378135     0.85   0.394    -8.170182    20.75902
        494  |   7.314485   7.929668     0.92   0.356    -8.231379    22.86035
        495  |   7.274551    8.48135     0.86   0.391    -9.352869    23.90197
        496  |   7.514617   9.033154     0.83   0.406     -10.1946    25.22383
        497  |   7.914683   9.585059     0.83   0.409    -10.87652    26.70589
        498  |   8.394748   10.13705     0.83   0.408    -11.47861    28.26811
        499  |   9.054814   10.68911     0.85   0.397    -11.90084    30.01047
        500  |    9.29488   11.24123     0.83   0.408    -12.74319    31.33295
        501  |   10.15495    11.7934     0.86   0.389    -12.96565    33.27554
        502  |   11.19501   12.34562     0.91   0.365    -13.00819    35.39821
        503  |   10.85508   12.89788     0.84   0.400     -14.4308    36.14096
        504  |   12.63514   13.45017     0.94   0.348    -13.73349    39.00377
        505  |   13.09521   14.00249     0.94   0.350    -14.35623    40.54665
        506  |   13.51527   14.55484     0.93   0.353    -15.01903    42.04958
        507  |   14.05534   15.10721     0.93   0.352    -15.56188    43.67255
        508  |   14.23541   15.65961     0.91   0.363    -16.46476    44.93557
        509  |   14.27547   16.21202     0.88   0.379    -17.50769    46.05863
        510  |   14.69554   16.76445     0.88   0.381    -18.17064    47.56172
        511  |    16.0556    17.3169     0.93   0.354    -17.89363    50.00484
        512  |   15.95567   17.86936     0.89   0.372    -19.07665    50.98799
        513  |   16.75573   18.42184     0.91   0.363    -19.35969    52.87116
        514  |    16.7358   18.97432     0.88   0.378    -20.46276    53.93436
        515  |   17.17586   19.52682     0.88   0.379    -21.10585    55.45758
        516  |   19.43593   20.07932     0.97   0.333    -19.92895    58.80082
        517  |     19.056   20.63184     0.92   0.356    -21.39208    59.50407
        518  |   19.99606   21.18437     0.94   0.345    -21.53522    61.52734
        519  |   20.37476   21.73693     0.94   0.349     -22.2398    62.98933
        520  |   20.12665   22.28947     0.90   0.367    -23.57116    63.82445
        521  |   19.93308   22.84202     0.87   0.383    -24.84797    64.71414
        522  |   20.53009   23.39457     0.88   0.380    -25.33423    66.39441
        523  |   20.58898   23.94713     0.86   0.390    -26.35862    67.53657
        524  |   21.55462    24.4997     0.88   0.379    -26.47626    69.58551
        525  |   22.41426   25.05227     0.89   0.371    -26.69993    71.52844
        526  |   21.85921   25.60487     0.85   0.393    -28.33834    72.05676
        527  |   22.41924   26.15746     0.86   0.391    -28.86163    73.70011
        528  |   23.84338   26.71007     0.89   0.372    -28.52088    76.20763
        529  |   24.13727   27.26266     0.89   0.376    -29.31033    77.58486
        530  |   24.96457   27.81532     0.90   0.369     -29.5665    79.49563
        531  |   24.64981   28.36796     0.87   0.385    -30.96468     80.2643
        532  |   24.27949    28.9206     0.84   0.401    -32.41843    80.97741
        533  |   24.04306   29.47331     0.82   0.415    -33.73844    81.82456
        534  |   23.93673   30.02643     0.80   0.425    -34.92914    82.80261
        535  |   25.03464   30.57915     0.82   0.413    -34.91483    84.98411
        536  |   25.03349   31.13184     0.80   0.421    -35.99951    86.06648
        537  |   25.39997   31.68467     0.80   0.423    -36.71683    87.51677
        538  |   25.17371   32.23742     0.78   0.435    -38.02674    88.37415
        539  |   25.74505   32.79014     0.79   0.432    -38.53898    90.02908
        540  |   26.64754   33.34295     0.80   0.424    -38.72027    92.01534
        541  |   26.56521   33.89564     0.78   0.433    -39.88612    93.01654
        542  |    26.9505   34.44832     0.78   0.434    -40.58435    94.48535
        543  |   26.00383   35.00193     0.74   0.458    -42.61636    94.62402
        544  |   26.45176   35.55465     0.74   0.457    -43.25202    96.15554
        545  |   26.07713   36.10736     0.72   0.470    -44.71021    96.86447
        546  |   27.08495   36.66009     0.74   0.460    -44.78601     98.9559
        547  |   26.78206    37.2128     0.72   0.472    -46.17247    99.73658
        548  |   27.38749   37.76549     0.73   0.468    -46.65057    101.4256
        549  |    27.9987    38.3182     0.73   0.465    -47.12294    103.1203
        550  |   28.09171   38.87088     0.72   0.470    -48.11342    104.2968
        551  |   28.73581   39.42354     0.73   0.466    -48.55281    106.0244
        552  |   29.84119   39.97625     0.75   0.455    -48.53098    108.2134
        553  |   30.10715    40.5289     0.74   0.458    -49.34848    109.5628
        554  |   30.75051   41.08153     0.75   0.454    -49.78854    111.2896
        555  |   31.17299   41.63413     0.75   0.454    -50.44941    112.7954
        556  |   31.65551   42.18674     0.75   0.453    -51.05027    114.3613
        557  |   32.12987   42.73935     0.75   0.452    -51.65928     115.919
        558  |   32.58127   43.29195     0.75   0.452    -52.29124    117.4538
        559  |   33.03599   43.84454     0.75   0.451    -52.91985    118.9918
        560  |   33.39192   44.39712     0.75   0.452    -53.64723    120.4311
        561  |   33.83073   44.94966     0.75   0.452    -54.29167    121.9531
        562  |   34.28361   45.50219     0.75   0.451    -54.92201    123.4892
        563  |   34.91299   46.05474     0.76   0.448    -55.37589    125.2019
        564  |   35.58361   46.60725     0.76   0.445    -55.78845    126.9557
        565  |   36.21535   47.15979     0.77   0.443    -56.23994    128.6706
        566  |   36.42474   47.71228     0.76   0.445    -57.11368    129.9632
        567  |   37.14881   48.26477     0.77   0.442    -57.47275    131.7704
        568  |   37.67265   48.81728     0.77   0.440     -58.0321    133.3774
        569  |   38.04121   49.36974     0.77   0.441    -58.74661     134.829
        570  |    38.6532   49.92196     0.77   0.439    -59.21723    136.5236
        571  |   39.13247   50.47431     0.78   0.438    -59.82082    138.0858
        572  |   39.54332   51.02686     0.77   0.438    -60.49324    139.5799
        573  |   39.89073   51.57933     0.77   0.439    -61.22891    141.0104
        574  |   40.57393   52.13185     0.78   0.436    -61.62892    142.7768
        575  |    40.9769   52.68442     0.78   0.437    -62.30926     144.263
        576  |   41.11909   53.23693     0.77   0.440    -63.25024    145.4884
        577  |   41.39178   53.78955     0.77   0.442    -64.06093    146.8445
        578  |   42.09125   54.34217     0.77   0.439    -64.44486    148.6274
             |
   datenum_1 |  -.4363178   .5470537    -0.80   0.425    -1.508799    .6361638
   datenum_2 |  -.4292714    .552807    -0.78   0.437    -1.513032    .6544894
   datenum_3 |  -.4648789   .5528113    -0.84   0.400    -1.548648    .6188903
   datenum_4 |  -.4501198   .5528039    -0.81   0.416    -1.533875    .6336348
   datenum_5 |  -.5856869   .5528009    -1.06   0.289    -1.669436    .4980619
   datenum_6 |  -.4610586    .552807    -0.83   0.404    -1.544819    .6227021
   datenum_7 |  -.4224167   .5527979    -0.76   0.445     -1.50616    .6613262
   datenum_8 |  -.4239874   .5561748    -0.76   0.446    -1.514351    .6663758
   datenum_9 |  -.4192973   .5528039    -0.76   0.448    -1.503052    .6644573
  datenum_10 |  -.4209597    .552807    -0.76   0.446     -1.50472    .6628011
  datenum_11 |  -.4185354    .552807    -0.76   0.449    -1.502296    .6652253
  datenum_12 |  -.4380893   .5528091    -0.79   0.428    -1.521854    .6456756
  datenum_13 |  -.4390772   .5527979    -0.79   0.427     -1.52282    .6446657
  datenum_14 |  -.4253406   .5528009    -0.77   0.442    -1.509089    .6584082
  datenum_15 |   -.393922    .552807    -0.71   0.476    -1.477683    .6898388
  datenum_16 |   -.484267   .5528102    -0.88   0.381    -1.568034       .5995
  datenum_17 |  -.3978362   .5528081    -0.72   0.472    -1.481599    .6859266
  datenum_18 |  -.4187276    .552806    -0.76   0.449    -1.502486    .6650311
  datenum_19 |   -.422157   .5527979    -0.76   0.445      -1.5059    .6615859
  datenum_20 |  -.4224167   .5527979    -0.76   0.445     -1.50616    .6613262
  datenum_21 |   -.419811   .5528029    -0.76   0.448    -1.503564    .6639417
  datenum_22 |  -.4231819   .5528019    -0.77   0.444    -1.506933    .6605689
  datenum_23 |  -.4380407    .552807    -0.79   0.428    -1.521801    .6457201
  datenum_24 |   -.471219   .5528081    -0.85   0.394    -1.554982    .6125438
  datenum_25 |  -.4489869    .552807    -0.81   0.417    -1.532748    .6347739
  datenum_26 |  -.4332293    .552807    -0.78   0.433     -1.51699    .6505314
  datenum_27 |  -.4182534   .5528009    -0.76   0.449    -1.502002    .6654954
  datenum_28 |  -.4262097   .5528081    -0.77   0.441    -1.509973    .6575531
  datenum_29 |  -.4320799   .5528049    -0.78   0.434    -1.515837    .6516768
  datenum_30 |  -.4223425   .5527979    -0.76   0.445    -1.506085    .6614004
  datenum_31 |  -.4192174   .5528029    -0.76   0.448     -1.50297    .6645354
  datenum_32 |  -.4238762   .5528136    -0.77   0.443     -1.50765    .6598974
  datenum_33 |  -.4566653   .5527979    -0.83   0.409    -1.540408    .6270776
  datenum_34 |  -.4195101   .5527979    -0.76   0.448    -1.503253    .6642328
  datenum_35 |  -.4046925   .5527979    -0.73   0.464    -1.488435    .6790503
  datenum_36 |  -.5200321   .5528242    -0.94   0.347    -1.603827    .5637624
  datenum_37 |  -.4685878   .5528158    -0.85   0.397    -1.552366    .6151902
  datenum_38 |  -.4215138   .5527979    -0.76   0.446    -1.505257    .6622291
  datenum_39 |  -.4224167   .5527979    -0.76   0.445     -1.50616    .6613262
  datenum_40 |  -.4121261   .5527979    -0.75   0.456    -1.495869    .6716168
  datenum_41 |  -.4232949   .5527979    -0.77   0.444    -1.507038     .660448
  datenum_42 |  -.4999438   .5528113    -0.90   0.366    -1.583713    .5838254
  datenum_43 |  -.5153757    .552806    -0.93   0.351    -1.599134     .568383
  datenum_44 |  -.4475126   .5527979    -0.81   0.418    -1.531255    .6362303
  datenum_45 |  -.4177636   .5528039    -0.76   0.450    -1.501518     .665991
  datenum_46 |  -.4218725   .5527979    -0.76   0.445    -1.505615    .6618704
  datenum_47 |  -.5543796    .552807    -1.00   0.316     -1.63814    .5293812
  datenum_48 |  -.4096774   .5527986    -0.74   0.459    -1.493422    .6740669
  datenum_49 |  -.4154433    .552807    -0.75   0.452    -1.499204    .6683175
  datenum_50 |  -.4216647    .552807    -0.76   0.446    -1.505425    .6620961
  datenum_51 |          0  (omitted)
------------------------------------------------------------------------------

. 
. * Extract ceofficients and confidence intervals from regression output
. * Save regression output in matrix and convert matrix to variables
. matrix rt = r(table)

.         svmat rt

. 
.         * Generate variables before looping over regression output (F3 subindex used
.         * for variables created to replicate Figure 3 below)
.         gen coeffs28oz = .      
(5,387 missing values generated)

.         gen ci_lb_28oz = .
(5,387 missing values generated)

.         gen ci_ub_28oz = .
(5,387 missing values generated)

.         gen ci_ub_28ozF3 = .
(5,387 missing values generated)

.         gen ci_lb_28ozF3 = .
(5,387 missing values generated)

.         gen coeffs28ozF3 = .
(5,387 missing values generated)

.         
.         * Looping over regression output and assign respective values to newly 
.         * generated variables
.         forval i = 1(1)37{
  2.                 replace coeffs28oz = rt`i'[1] in `i'
  3.                 replace coeffs28ozF3 = coeffs28oz - rt12[1] in `i'
  4.                 replace ci_lb_28oz = rt`i'[5] in `i'
  5.                 replace ci_lb_28ozF3 = ci_lb_28oz - rt12[5] in `i'
  6.                 replace ci_ub_28oz = rt`i'[6] in `i'
  7.                 replace ci_ub_28ozF3 = ci_ub_28oz - rt12[6] in `i'
  8.         }
(1 real change made)
(1 real change made)
(1 real change made)
(1 real change made)
(1 real change made)
(1 real change made)
(1 real change made)
(1 real change made)
(1 real change made)
(1 real change made)
(1 real change made)
(1 real change made)
(1 real change made)
(1 real change made)
(1 real change made)
(1 real change made)
(1 real change made)
(1 real change made)
(1 real change made)
(1 real change made)
(1 real change made)
(1 real change made)
(1 real change made)
(1 real change made)
(1 real change made)
(1 real change made)
(1 real change made)
(1 real change made)
(1 real change made)
(1 real change made)
(1 real change made)
(1 real change made)
(1 real change made)
(1 real change made)
(1 real change made)
(1 real change made)
(1 real change made)
(1 real change made)
(1 real change made)
(1 real change made)
(1 real change made)
(1 real change made)
(1 real change made)
(1 real change made)
(1 real change made)
(1 real change made)
(1 real change made)
(1 real change made)
(1 real change made)
(1 real change made)
(1 real change made)
(1 real change made)
(1 real change made)
(1 real change made)
(1 real change made)
(1 real change made)
(1 real change made)
(1 real change made)
(1 real change made)
(1 real change made)
(1 real change made)
(1 real change made)
(1 real change made)
(1 real change made)
(1 real change made)
(1 real change made)
(1 real change made)
(1 real change made)
(1 real change made)
(1 real change made)
(1 real change made)
(1 real change made)
(1 real change made)
(1 real change made)
(1 real change made)
(1 real change made)
(1 real change made)
(1 real change made)
(1 real change made)
(1 real change made)
(1 real change made)
(1 real change made)
(1 real change made)
(1 real change made)
(1 real change made)
(1 real change made)
(1 real change made)
(1 real change made)
(1 real change made)
(1 real change made)
(1 real change made)
(1 real change made)
(1 real change made)
(1 real change made)
(1 real change made)
(1 real change made)
(1 real change made)
(1 real change made)
(1 real change made)
(1 real change made)
(1 real change made)
(1 real change made)
(1 real change made)
(1 real change made)
(1 real change made)
(1 real change made)
(1 real change made)
(1 real change made)
(1 real change made)
(1 real change made)
(1 real change made)
(1 real change made)
(1 real change made)
(1 real change made)
(1 real change made)
(1 real change made)
(1 real change made)
(1 real change made)
(1 real change made)
(1 real change made)
(1 real change made)
(1 real change made)
(1 real change made)
(1 real change made)
(1 real change made)
(1 real change made)
(1 real change made)
(1 real change made)
(1 real change made)
(1 real change made)
(1 real change made)
(1 real change made)
(1 real change made)
(1 real change made)
(1 real change made)
(1 real change made)
(1 real change made)
(1 real change made)
(1 real change made)
(1 real change made)
(1 real change made)
(1 real change made)
(1 real change made)
(1 real change made)
(1 real change made)
(1 real change made)
(1 real change made)
(1 real change made)
(1 real change made)
(1 real change made)
(1 real change made)
(1 real change made)
(1 real change made)
(1 real change made)
(1 real change made)
(1 real change made)
(1 real change made)
(1 real change made)
(1 real change made)
(1 real change made)
(1 real change made)
(1 real change made)
(1 real change made)
(1 real change made)
(1 real change made)
(1 real change made)
(1 real change made)
(1 real change made)
(1 real change made)
(1 real change made)
(1 real change made)
(1 real change made)
(1 real change made)
(1 real change made)
(1 real change made)
(1 real change made)
(1 real change made)
(1 real change made)
(1 real change made)
(1 real change made)
(1 real change made)
(1 real change made)
(1 real change made)
(1 real change made)
(1 real change made)
(1 real change made)
(1 real change made)
(1 real change made)
(1 real change made)
(1 real change made)
(1 real change made)
(1 real change made)
(1 real change made)
(1 real change made)
(1 real change made)
(1 real change made)
(1 real change made)
(1 real change made)
(1 real change made)
(1 real change made)
(1 real change made)
(1 real change made)
(1 real change made)
(1 real change made)
(1 real change made)
(1 real change made)
(1 real change made)
(1 real change made)
(1 real change made)
(1 real change made)
(1 real change made)
(1 real change made)
(1 real change made)
(1 real change made)
(1 real change made)
(1 real change made)
(1 real change made)
(1 real change made)
(1 real change made)
(1 real change made)
(1 real change made)
(1 real change made)

. * Drop the variables associated with the converted matrix of regression output
. * to avoid messing up the whole dataset
. drop rt*

.                 
. * Regress equation (2) of the Dobnik et al. (2014) paper with the number of labs
. * producing 9oz and more as the dependent variable
. reg cap_9_oz t_* i.state i.date datenum_*, noconst
note: datenum_51 omitted because of collinearity

      Source |       SS           df       MS      Number of obs   =     4,937
-------------+----------------------------------   F(234, 4703)    =     67.08
       Model |  37992.0228       234  162.359072   Prob > F        =    0.0000
    Residual |  11382.9772     4,703  2.42036512   R-squared       =    0.7695
-------------+----------------------------------   Adj R-squared   =    0.7580
       Total |       49375     4,937  10.0010128   Root MSE        =    1.5558

------------------------------------------------------------------------------
    cap_9_oz |      Coef.   Std. Err.      t    P>|t|     [95% Conf. Interval]
-------------+----------------------------------------------------------------
     t_neg12 |   .5353315   .2501308     2.14   0.032     .0449579    1.025705
     t_neg11 |   .5533673   .2512394     2.20   0.028     .0608203    1.045914
     t_neg10 |   .4927302   .2521396     1.95   0.051    -.0015816    .9870419
      t_neg9 |   .4524301   .2541587     1.78   0.075    -.0458401    .9507003
      t_neg8 |   .5859165   .2555481     2.29   0.022     .0849225    1.086911
      t_neg7 |   1.049078   .2568018     4.09   0.000     .5456267     1.55253
      t_neg6 |   1.162282   .2589541     4.49   0.000     .6546105    1.669953
      t_neg5 |   .9427074   .2600112     3.63   0.000     .4329636    1.452451
      t_neg4 |   .9541721    .261186     3.65   0.000     .4421253    1.466219
      t_neg3 |    1.18315   .2646698     4.47   0.000     .6642728    1.702026
      t_neg2 |   .7881654    .266031     2.96   0.003     .2666199    1.309711
      t_neg1 |   .7336351   .2669099     2.75   0.006     .2103666    1.256904
         t_0 |   .8302929   .2679183     3.10   0.002     .3050475    1.355538
         t_1 |   .6152367   .2686858     2.29   0.022     .0884868    1.141987
         t_2 |    .815776     .26923     3.03   0.002     .2879591    1.343593
         t_3 |   .9621842   .2700113     3.56   0.000     .4328354    1.491533
         t_4 |   .8804497   .2702605     3.26   0.001     .3506125    1.410287
         t_5 |   .8646273   .2706064     3.20   0.001     .3341119    1.395143
         t_6 |   .5792881   .2708104     2.14   0.032     .0483728    1.110204
         t_7 |   .4934661   .2706534     1.82   0.068    -.0371414    1.024074
         t_8 |   .5328698   .2703124     1.97   0.049     .0029308    1.062809
         t_9 |   .5109546    .270166     1.89   0.059    -.0186973    1.040606
        t_10 |   .4643614   .2693308     1.72   0.085    -.0636531    .9923758
        t_11 |   .6494241   .2688914     2.42   0.016     .1222708    1.176577
        t_12 |   .4248313   .2681009     1.58   0.113     -.100772    .9504346
        t_13 |   .3315557   .2670973     1.24   0.215    -.1920801    .8551916
        t_14 |   .4175657   .2663486     1.57   0.117    -.1046024    .9397338
        t_15 |   .3295985   .2656224     1.24   0.215    -.1911458    .8503429
        t_16 |   .2337953   .2614552     0.89   0.371    -.2787795      .74637
        t_17 |   .3831096   .2602554     1.47   0.141     -.127113    .8933321
        t_18 |   .3295885   .2595184     1.27   0.204    -.1791892    .8383663
        t_19 |   .1797568   .2571064     0.70   0.484    -.3242922    .6838058
        t_20 |   .1603129   .2559011     0.63   0.531    -.3413732     .661999
        t_21 |   .1868203   .2547107     0.73   0.463    -.3125319    .6861726
        t_22 |   .2110349   .2523561     0.84   0.403    -.2837014    .7057711
        t_23 |    .067873   .2515238     0.27   0.787    -.4252314    .5609775
        t_24 |   .1355061   .2949154     0.46   0.646    -.4426663    .7136784
             |
       state |
         AL  |   .7761882   .4238956     1.83   0.067    -.0548458    1.607222
         AR  |    1.20697   .4243184     2.84   0.004     .3751069    2.038833
         AZ  |   1.734178   .4237246     4.09   0.000     .9034794    2.564877
         CA  |   31.01025    .423679    73.19   0.000     30.17964    31.84086
         CO  |   1.324941   .4238956     3.13   0.002     .4939071    2.155975
         CT  |   -.373896   .4237125    -0.88   0.378    -1.204571     .456779
         DC  |  -.5969377   .3654107    -1.63   0.102    -1.313314    .1194384
         DE  |   -.449083   .4237246    -1.06   0.289    -1.279782    .3816157
         GA  |   .0307749   .4238956     0.07   0.942    -.8002591    .8618089
         HI  |  -.4730387   .4238956    -1.12   0.265    -1.304073    .3579953
         IA  |   .1556689   .4240792     0.37   0.714    -.6757251    .9870628
         ID  |   .5257124   .4237125     1.24   0.215    -.3049626    1.356387
         IL  |   .0929102    .423679     0.22   0.826    -.7376991    .9235195
         IN  |  -.2229872   .4238956    -0.53   0.599    -1.054021    .6080468
         KS  |   .8169614   .4241918     1.93   0.054    -.0146533    1.648576
         KY  |   .2801937   .4239805     0.66   0.509    -.5510067    1.111394
         LA  |   -.306873   .4238247    -0.72   0.469    -1.137768    .5240219
         MA  |   -.373896   .4237125    -0.88   0.378    -1.204571     .456779
         MD  |  -.3446237   .4237125    -0.81   0.416    -1.175299    .4860513
         ME  |  -.4360816   .4236955    -1.03   0.303    -1.266723      .39456
         MI  |  -.1400458   .4236803    -0.33   0.741    -.9706576     .690566
         MN  |   .0563367   .4238956     0.13   0.894    -.7746973    .8873707
         MO  |    5.03509   .4239805    11.88   0.000     4.203889     5.86629
         MS  |   .5921025   .4238956     1.40   0.163    -.2389315    1.423136
         MT  |  -.2959618   .4238956    -0.70   0.485    -1.126996    .5350722
         NC  |   .4276866    .423679     1.01   0.313    -.4029227    1.258296
         ND  |  -.0667451   .4239805    -0.16   0.875    -.8979454    .7644552
         NE  |   .0720323   .4237677     0.17   0.865    -.7587509    .9028155
         NH  |   -.373896   .4237125    -0.88   0.378    -1.204571     .456779
         NJ  |  -.4566959   .4236955    -1.08   0.281    -1.287338    .3739457
         NM  |   -.107221   .4246131    -0.25   0.801    -.9396616    .7252195
         NV  |   3.760097   .4237125     8.87   0.000     2.929422    4.590772
         NY  |  -.3268953   .4237125    -0.77   0.440     -1.15757    .5037797
         OH  |  -.1370376   .4237125    -0.32   0.746    -.9677126    .6936374
         OK  |   4.244124   .4266222     9.95   0.000     3.407744    5.080503
         OR  |    3.06859   .4249631     7.22   0.000     2.235463    3.901717
         PA  |  -.1832136   .4237125    -0.43   0.665    -1.013889    .6474614
         RI  |   -.373896   .4237125    -0.88   0.378    -1.204571     .456779
         SC  |  -.0477776   .4237125    -0.11   0.910    -.8784526    .7828974
         SD  |   -.312053   .4237125    -0.74   0.461    -1.142728     .518622
         TN  |   2.490829   .4243184     5.87   0.000     1.658966    3.322692
         TX  |   7.020482   .4238247    16.56   0.000     6.189587    7.851377
         UT  |   .6766091   .4237125     1.60   0.110    -.1540659    1.507284
         VA  |  -.4154817   .4237246    -0.98   0.327     -1.24618    .4152171
         VT  |   -.373896   .4237125    -0.88   0.378    -1.204571     .456779
         WA  |   3.432342   .4238956     8.10   0.000     2.601308    4.263376
         WI  |  -4.806844    3.64557    -1.32   0.187    -11.95387    2.340181
         WV  |  -.4450033   .4238956    -1.05   0.294    -1.276037    .3860307
         WY  |  -.2953434   .4238956    -0.70   0.486    -1.126377    .5356906
             |
        date |
        481  |   .1109687   .5162357     0.21   0.830    -.9010952    1.123033
        482  |   .8899478   .8025157     1.11   0.268     -.683359    2.463255
        483  |   .8730086   1.107553     0.79   0.431    -1.298314    3.044331
        484  |   1.100967   1.419304     0.78   0.438    -1.681534    3.883468
        485  |   1.818722   1.734152     1.05   0.294    -1.581029    5.218473
        486  |   2.393619   2.050672     1.17   0.243    -1.626658    6.413896
        487  |   2.560354   2.368192     1.08   0.280    -2.082412    7.203119
        488  |   3.176067   2.686358     1.18   0.237    -2.090454    8.442588
        489  |   3.444842   3.004966     1.15   0.252    -2.446298    9.335983
        490  |   3.754434   3.323887     1.13   0.259    -2.761943    10.27081
        491  |   3.760161   3.638964     1.03   0.302    -3.373914    10.89424
        492  |   4.962081   3.955691     1.25   0.210    -2.792927    12.71709
        493  |   5.292036   4.275163     1.24   0.216    -3.089286    13.67336
        494  |    6.28199   4.594741     1.37   0.172    -2.725856    15.28984
        495  |   5.971944   4.914406     1.22   0.224    -3.662595    15.60648
        496  |   6.301898   5.234142     1.20   0.229    -3.959472    16.56327
        497  |   6.951853   5.553935     1.25   0.211    -3.936463    17.84017
        498  |   6.701807   5.873778     1.14   0.254     -4.81355    18.21716
        499  |   7.751761   6.193662     1.25   0.211    -4.390718    19.89424
        500  |   7.441715   6.513581     1.14   0.253    -5.327955    20.21139
        501  |   8.391669    6.83353     1.23   0.220    -5.005251    21.78859
        502  |   8.541624   7.153505     1.19   0.233    -5.482598    22.56585
        503  |   8.651578   7.473503     1.16   0.247     -5.99999    23.30315
        504  |   9.061532   7.793522     1.16   0.245    -6.217422    24.34049
        505  |   9.731486   8.113557     1.20   0.230    -6.174888    25.63786
        506  |   10.04144   8.433609     1.19   0.234    -6.492384    26.57527
        507  |   10.17139   8.753674     1.16   0.245    -6.989908     27.3327
        508  |   10.38135   9.073752     1.14   0.253    -7.407456    28.17015
        509  |    10.7913   9.393841     1.15   0.251    -7.625026    29.20763
        510  |   10.82126    9.71394     1.11   0.265    -8.222616    29.86513
        511  |   11.23121   10.03405     1.12   0.263    -8.440224    30.90265
        512  |   11.56117   10.35416     1.12   0.264    -8.737848    31.86018
        513  |   12.01112   10.67429     1.13   0.261    -8.915486    32.93773
        514  |   12.22107   10.99442     1.11   0.266    -9.333138    33.77529
        515  |   12.49103   11.31456     1.10   0.270    -9.690803    34.67286
        516  |   13.38098    11.6347     1.15   0.250    -9.428478    36.19044
        517  |   13.77094   11.95485     1.15   0.249    -9.666165    37.20804
        518  |   14.10089     12.275     1.15   0.251     -9.96386    38.16564
        519  |   14.10014   12.59517     1.12   0.263    -10.59231    38.79258
        520  |   14.26973   12.91534     1.10   0.269    -11.05038    39.58985
        521  |    14.2609    13.2355     1.08   0.281    -11.68689    40.20869
        522  |   14.91166   13.55567     1.10   0.271    -11.66381    41.48713
        523  |   15.23894   13.87585     1.10   0.272    -11.96422    42.44211
        524  |   15.63963   14.19603     1.10   0.271    -12.19123     43.4705
        525  |   15.94732   14.51621     1.10   0.272    -12.51124    44.40589
        526  |   16.27096   14.83641     1.10   0.273    -12.81534    45.35727
        527  |   16.46033   15.15659     1.09   0.278    -13.25369    46.17435
        528  |   16.91621    15.4768     1.09   0.274    -13.42557    47.25798
        529  |   17.31451   15.79699     1.10   0.273    -13.65499    48.28401
        530  |   18.10268   16.11722     1.12   0.261    -13.49462    49.69999
        531  |   18.09082   16.43744     1.10   0.271    -14.13426     50.3159
        532  |    18.8515   16.75766     1.12   0.261    -14.00136    51.70436
        533  |   19.10291   17.07792     1.12   0.263    -14.37781    52.58364
        534  |   19.24527   17.39842     1.11   0.269    -14.86378    53.35432
        535  |   19.73454   17.71869     1.11   0.265    -15.00239    54.47146
        536  |   19.66035   18.03893     1.09   0.276    -15.70441    55.02511
        537  |   19.80987   18.35926     1.08   0.281    -16.18289    55.80263
        538  |   19.79199   18.67955     1.06   0.289    -16.82867    56.41265
        539  |   20.12175   18.99981     1.06   0.290    -17.12678    57.37028
        540  |   20.17743   19.32013     1.04   0.296    -17.69908    58.05394
        541  |   20.70008   19.64038     1.05   0.292    -17.80426    59.20443
        542  |    21.0814   19.96062     1.06   0.291    -18.05078    60.21357
        543  |   20.87911   20.28141     1.03   0.303    -18.88195    60.64016
        544  |   21.24339   20.60167     1.03   0.303    -19.14555    61.63232
        545  |   21.70272   20.92193     1.04   0.300    -19.31406    62.71951
        546  |   21.98912    21.2422     1.04   0.301    -19.65555    63.63379
        547  |   22.14766   21.56246     1.03   0.304    -20.12487    64.42019
        548  |   22.30858   21.88271     1.02   0.308    -20.59179    65.20896
        549  |   22.70716   22.20298     1.02   0.306    -20.82108     66.2354
        550  |   22.96884   22.52322     1.02   0.308    -21.18722    67.12489
        551  |   23.19032   22.84345     1.02   0.310    -21.59354    67.97419
        552  |   23.73972   23.16371     1.02   0.305      -21.672    69.15143
        553  |     24.251   23.48393     1.03   0.302    -21.78851    70.29051
        554  |   24.71903   23.80415     1.04   0.299    -21.94825    71.38632
        555  |   25.26407   24.12434     1.05   0.295    -22.03095    72.55909
        556  |   25.53419   24.44455     1.04   0.296    -22.38858    73.45696
        557  |   25.66565   24.76475     1.04   0.300    -22.88487    74.21616
        558  |   25.94163   25.08495     1.03   0.301    -23.23662    75.11988
        559  |   26.50752   25.40514     1.04   0.297    -23.29846    76.31349
        560  |   26.74322   25.72532     1.04   0.299    -23.69046     77.1769
        561  |   27.18723   26.04549     1.04   0.297    -23.87413    78.24859
        562  |   27.67711   26.36564     1.05   0.294     -24.0119    79.36613
        563  |   27.86855   26.68581     1.04   0.296    -24.44815    80.18524
        564  |    28.2187   27.00596     1.04   0.296    -24.72563    81.16303
        565  |   28.71933   27.32612     1.05   0.293    -24.85266    82.29132
        566  |   29.02797   27.64625     1.05   0.294    -25.17162    83.22757
        567  |   29.43872   27.96638     1.05   0.293    -25.38849    84.26593
        568  |   29.83936   28.28653     1.05   0.292    -25.61549    85.29421
        569  |    30.2901   28.60664     1.06   0.290    -25.79232    86.37253
        570  |   30.71156   28.92662     1.06   0.288    -25.99816    87.42129
        571  |   31.10853   29.24667     1.06   0.288    -26.22865     88.4457
        572  |   31.34589   29.56684     1.06   0.289    -26.61897    89.31075
        573  |   31.65392   29.88696     1.06   0.290    -26.93852    90.24636
        574  |   32.20137   30.20711     1.07   0.286    -27.01872    91.42145
        575  |    32.4102   30.52729     1.06   0.288    -27.43759    92.25799
        576  |   32.85032   30.84744     1.06   0.287     -27.6251    93.32575
        577  |   33.26066   31.16764     1.07   0.286    -27.84252    94.36384
        578  |   33.61642   31.48785     1.07   0.286    -28.11451    95.34736
             |
   datenum_1 |  -.3415714    .316983    -1.08   0.281    -.9630066    .2798639
   datenum_2 |  -.3419169   .3203167    -1.07   0.286    -.9698878    .2860539
   datenum_3 |  -.3501285   .3203192    -1.09   0.274    -.9781043    .2778472
   datenum_4 |  -.3568343   .3203149    -1.11   0.265    -.9848016     .271133
   datenum_5 |  -.6718506   .3203132    -2.10   0.036    -1.299815   -.0438867
   datenum_6 |   -.353296   .3203167    -1.10   0.270    -.9812669    .2746748
   datenum_7 |  -.3360596   .3203114    -1.05   0.294    -.9640201    .2919009
   datenum_8 |   -.337714   .3222681    -1.05   0.295    -.9695105    .2940825
   datenum_9 |  -.3345832   .3203149    -1.04   0.296    -.9625505    .2933841
  datenum_10 |  -.3332713   .3203167    -1.04   0.298    -.9612421    .2946995
  datenum_11 |  -.3339021   .3203167    -1.04   0.297    -.9618729    .2940687
  datenum_12 |  -.3345571   .3203179    -1.04   0.296    -.9625303    .2934162
  datenum_13 |  -.3469811   .3203114    -1.08   0.279    -.9749415    .2809794
  datenum_14 |  -.3264332   .3203132    -1.02   0.308    -.9543971    .3015307
  datenum_15 |  -.3235496   .3203167    -1.01   0.313    -.9515204    .3044212
  datenum_16 |  -.3457627   .3203186    -1.08   0.280    -.9737372    .2822118
  datenum_17 |  -.3332092   .3203173    -1.04   0.298    -.9611812    .2947628
  datenum_18 |  -.3350032   .3203161    -1.05   0.296    -.9629728    .2929664
  datenum_19 |  -.3360596   .3203114    -1.05   0.294    -.9640201    .2919009
  datenum_20 |   -.336443   .3203114    -1.05   0.294    -.9644035    .2915174
  datenum_21 |  -.3348433   .3203143    -1.05   0.296    -.9628094    .2931229
  datenum_22 |  -.3349054   .3203137    -1.05   0.296    -.9628704    .2930596
  datenum_23 |   -.338429   .3203167    -1.06   0.291    -.9663998    .2895418
  datenum_24 |  -.3733576   .3203173    -1.17   0.244     -1.00133    .2546144
  datenum_25 |  -.3422756   .3203167    -1.07   0.285    -.9702465    .2856952
  datenum_26 |  -.3360295   .3203167    -1.05   0.294    -.9640003    .2919413
  datenum_27 |  -.3426237   .3203132    -1.07   0.285    -.9705876    .2853402
  datenum_28 |  -.3383916   .3203173    -1.06   0.291    -.9663636    .2895804
  datenum_29 |  -.3385409   .3203155    -1.06   0.291    -.9665094    .2894276
  datenum_30 |  -.3360596   .3203114    -1.05   0.294    -.9640201    .2919009
  datenum_31 |  -.3340269   .3203143    -1.04   0.297    -.9619931    .2939392
  datenum_32 |  -.3371781   .3203205    -1.05   0.293    -.9651563    .2908002
  datenum_33 |  -.3868203   .3203114    -1.21   0.227    -1.014781    .2411402
  datenum_34 |  -.3363936   .3203114    -1.05   0.294     -.964354    .2915669
  datenum_35 |  -.3317059   .3203114    -1.04   0.300    -.9596663    .2962546
  datenum_36 |  -.3803666   .3203267    -1.19   0.235    -1.008357    .2476238
  datenum_37 |  -.3520074   .3203218    -1.10   0.272    -.9799883    .2759734
  datenum_38 |  -.3384591   .3203114    -1.06   0.291    -.9664196    .2895014
  datenum_39 |  -.3360596   .3203114    -1.05   0.294    -.9640201    .2919009
  datenum_40 |  -.3375315   .3203114    -1.05   0.292    -.9654919     .290429
  datenum_41 |  -.3366904   .3203114    -1.05   0.293    -.9646509    .2912701
  datenum_42 |  -.3630784   .3203192    -1.13   0.257    -.9910542    .2648973
  datenum_43 |  -.4171059   .3203161    -1.30   0.193    -1.045075    .2108638
  datenum_44 |  -.3487869   .3203114    -1.09   0.276    -.9767473    .2791736
  datenum_45 |  -.3350532   .3203149    -1.05   0.296    -.9630205    .2929141
  datenum_46 |  -.3360596   .3203114    -1.05   0.294    -.9640201    .2919009
  datenum_47 |  -.3683734   .3203167    -1.15   0.250    -.9963442    .2595975
  datenum_48 |  -.3277345   .3203118    -1.02   0.306    -.9556958    .3002268
  datenum_49 |  -.3336547   .3203167    -1.04   0.298    -.9616256    .2943161
  datenum_50 |  -.3360419   .3203167    -1.05   0.294    -.9640127    .2919289
  datenum_51 |          0  (omitted)
------------------------------------------------------------------------------

. 
. * Extract ceofficients and confidence intervals from regression output
. * Save regression output in matrix and convert matrix to variables
. matrix rt = r(table)

.         svmat rt

. 
.         * Generate variables before looping over regression output (F3 subindex used
.         * for variables created to replicate Figure 3 below)
.         gen coeffs9oz = .       
(5,387 missing values generated)

.         gen ci_lb_9oz = .
(5,387 missing values generated)

.         gen ci_ub_9oz = .
(5,387 missing values generated)

.         gen coeffs9ozF3 = .
(5,387 missing values generated)

.         gen ci_lb_9ozF3 = .
(5,387 missing values generated)

.         gen ci_ub_9ozF3 = .
(5,387 missing values generated)

. 
.         * Looping over regression output and assign respective values to newly 
.         * generated variables
.         forval i = 1(1)37{
  2.                 replace coeffs9oz = rt`i'[1] in `i'
  3.                 replace coeffs9ozF3 = coeffs9oz - rt12[1] in `i'
  4.                 replace ci_lb_9oz = rt`i'[5] in `i'
  5.                 replace ci_lb_9ozF3 = ci_lb_9oz - rt12[5] in `i'
  6.                 replace ci_ub_9oz = rt`i'[6] in `i'
  7.                 replace ci_ub_9ozF3 = ci_ub_9oz - rt12[6] in `i'
  8.         }
(1 real change made)
(1 real change made)
(1 real change made)
(1 real change made)
(1 real change made)
(1 real change made)
(1 real change made)
(1 real change made)
(1 real change made)
(1 real change made)
(1 real change made)
(1 real change made)
(1 real change made)
(1 real change made)
(1 real change made)
(1 real change made)
(1 real change made)
(1 real change made)
(1 real change made)
(1 real change made)
(1 real change made)
(1 real change made)
(1 real change made)
(1 real change made)
(1 real change made)
(1 real change made)
(1 real change made)
(1 real change made)
(1 real change made)
(1 real change made)
(1 real change made)
(1 real change made)
(1 real change made)
(1 real change made)
(1 real change made)
(1 real change made)
(1 real change made)
(1 real change made)
(1 real change made)
(1 real change made)
(1 real change made)
(1 real change made)
(1 real change made)
(1 real change made)
(1 real change made)
(1 real change made)
(1 real change made)
(1 real change made)
(1 real change made)
(1 real change made)
(1 real change made)
(1 real change made)
(1 real change made)
(1 real change made)
(1 real change made)
(1 real change made)
(1 real change made)
(1 real change made)
(1 real change made)
(1 real change made)
(1 real change made)
(1 real change made)
(1 real change made)
(1 real change made)
(1 real change made)
(1 real change made)
(1 real change made)
(1 real change made)
(1 real change made)
(1 real change made)
(1 real change made)
(1 real change made)
(1 real change made)
(1 real change made)
(1 real change made)
(1 real change made)
(1 real change made)
(1 real change made)
(1 real change made)
(1 real change made)
(1 real change made)
(1 real change made)
(1 real change made)
(1 real change made)
(1 real change made)
(1 real change made)
(1 real change made)
(1 real change made)
(1 real change made)
(1 real change made)
(1 real change made)
(1 real change made)
(1 real change made)
(1 real change made)
(1 real change made)
(1 real change made)
(1 real change made)
(1 real change made)
(1 real change made)
(1 real change made)
(1 real change made)
(1 real change made)
(1 real change made)
(1 real change made)
(1 real change made)
(1 real change made)
(1 real change made)
(1 real change made)
(1 real change made)
(1 real change made)
(1 real change made)
(1 real change made)
(1 real change made)
(1 real change made)
(1 real change made)
(1 real change made)
(1 real change made)
(1 real change made)
(1 real change made)
(1 real change made)
(1 real change made)
(1 real change made)
(1 real change made)
(1 real change made)
(1 real change made)
(1 real change made)
(1 real change made)
(1 real change made)
(1 real change made)
(1 real change made)
(1 real change made)
(1 real change made)
(1 real change made)
(1 real change made)
(1 real change made)
(1 real change made)
(1 real change made)
(1 real change made)
(1 real change made)
(1 real change made)
(1 real change made)
(1 real change made)
(1 real change made)
(1 real change made)
(1 real change made)
(1 real change made)
(1 real change made)
(1 real change made)
(1 real change made)
(1 real change made)
(1 real change made)
(1 real change made)
(1 real change made)
(1 real change made)
(1 real change made)
(1 real change made)
(1 real change made)
(1 real change made)
(1 real change made)
(1 real change made)
(1 real change made)
(1 real change made)
(1 real change made)
(1 real change made)
(1 real change made)
(1 real change made)
(1 real change made)
(1 real change made)
(1 real change made)
(1 real change made)
(1 real change made)
(1 real change made)
(1 real change made)
(1 real change made)
(1 real change made)
(1 real change made)
(1 real change made)
(1 real change made)
(1 real change made)
(1 real change made)
(1 real change made)
(1 real change made)
(1 real change made)
(1 real change made)
(1 real change made)
(1 real change made)
(1 real change made)
(1 real change made)
(1 real change made)
(1 real change made)
(1 real change made)
(1 real change made)
(1 real change made)
(1 real change made)
(1 real change made)
(1 real change made)
(1 real change made)
(1 real change made)
(1 real change made)
(1 real change made)
(1 real change made)
(1 real change made)
(1 real change made)
(1 real change made)
(1 real change made)
(1 real change made)
(1 real change made)
(1 real change made)
(1 real change made)
(1 real change made)
(1 real change made)
(1 real change made)
(1 real change made)
(1 real change made)
(1 real change made)
(1 real change made)
(1 real change made)
(1 real change made)
(1 real change made)
(1 real change made)
(1 real change made)
(1 real change made)

. * Drop the variables associated with the converted matrix of regression output
. * to avoid messing up the whole dataset
. drop rt*

. 
. * Generate second event_horizon variable (only for convenience when plotting 
. * that thing)
. gen event_horizon2 = -12 if _n == 1
(5,386 missing values generated)

.         replace event_horizon2 = event_horizon2[_n-1] + 1 if _n >1
(5,386 real changes made)

. 
. * Replicate Figure 3 of the Dobnik et al. (2014) paper
. twoway  (scatter coeffs2ozF3  event_horizon2, connect(l) msymbol(T ) msize(small) yaxis(1) mcolor(blue) lcolor(blue) lwidth(medium) lpattern(dot) 
> connect(direct) cmissing(n)) ///
>                 (scatter coeffs28ozF3 event_horizon2, connect(l) msymbol(Oh) msize(small) yaxis(1) mcolor(red) lcolor(red) lwidth(medium) lpattern
> (dash) connect(direct) cmissing(n)) ///
>                 (scatter coeffs9ozF3  event_horizon2, connect(1) msymbol(S ) msize(small) yaxis(1) mcolor(green) lcolor(green) lwidth(medium) lpat
> tern(dash) connect(direct) cmissing(n)) if event_horizon2 < 24 ///
>                 , ylabel(, angle(horizontal) format(%9.1f)) ytitle("") ///
>                 title("") xtitle("Months from (until) implementation of OTC regulation")        ///
>                 tlabel(-12(6)24) xline(0)       ///
>                 legend(on order(1 "Lab capacity under 2 oz" 2 "Lab capacity 2-8 oz" 3 "Lab capacity 9 oz or greater")   ///
>                 region(lcolor(white))) scheme(s1mono) graphregion(fcolor(white)                         ///
>                 lcolor(white) lwidth(none) ifcolor(white) ilcolor(white) margin(zero))                                  ///
>                 plotregion(fcolor(white) lcolor(white) ifcolor(white) ilcolor(white))

. graph export "Figure3_Replication.eps", as(eps) preview(on) replace
(note: file Figure3_Replication.eps not found)
(file Figure3_Replication.eps written in EPS format)

. 
. 
. * Plot the coefficients with confidence intervals as asked in the exercise 
. twoway  (scatter coeffs2oz  event_horizon2, connect(l) msymbol(T ) msize(small) yaxis(1) mcolor(blue) lcolor(blue) lwidth(medium) lpattern(dot) co
> nnect(direct) cmissing(n)) ///
>                 (scatter coeffs28oz event_horizon2, connect(l) msymbol(Oh) msize(small) yaxis(1) mcolor(red) lcolor(red) lwidth(medium) lpattern(d
> ash) connect(direct) cmissing(n)) ///
>                 (scatter coeffs9oz  event_horizon2, connect(1) msymbol(S ) msize(small) yaxis(1) mcolor(green) lcolor(green) lwidth(medium) lpatte
> rn(dash) connect(direct) cmissing(n)) ///
>                 (line ci_lb_2oz event_horizon2, lcolor(eltblue) lwidth(medium) lpattern(shortdash_dot) connect(direct) cmissing(n)) ///
>                 (line ci_ub_2oz event_horizon2, lcolor(eltblue) lwidth(medium) lpattern(shortdash_dot) connect(direct) cmissing(n)) ///
>                 (line ci_lb_28oz event_horizon2, lcolor(erose) lwidth(medium) lpattern(shortdash_dot) connect(direct) cmissing(n)) ///
>                 (line ci_ub_28oz event_horizon2, lcolor(erose) lwidth(medium) lpattern(shortdash_dot) connect(direct) cmissing(n)) ///
>                 (line ci_lb_9oz event_horizon2, lcolor(eltgreen) lwidth(medium) lpattern(shortdash_dot) connect(direct) cmissing(n)) ///
>                 (line ci_ub_9oz event_horizon2, lcolor(eltgreen) lwidth(medium) lpattern(shortdash_dot) connect(direct) cmissing(n)) if event_hori
> zon2 < 24 ///
>                 , ylabel(, angle(horizontal) format(%9.1f)) ytitle("") ///
>                 title("") xtitle("Months from (until) implementation of OTC regulation")        ///
>                 tlabel(-12(6)24) xline(0)       ///
>                 legend(on order(1 "Lab capacity under 2 oz" 4 "95% Confidence Interval" 2 "Lab capacity 2-8 oz" 6 "95% Confidence Interval" 3 "Lab
>  capacity 9 oz or greater" 8 "95% Confidence Interval")       ///
>                 region(lcolor(white))) scheme(s1mono) graphregion(fcolor(white)                         ///
>                 lcolor(white) lwidth(none) ifcolor(white) ilcolor(white) margin(zero))          ///
>                 plotregion(fcolor(white) lcolor(white) ifcolor(white) ilcolor(white))

. graph export "Figure_exercise_f.eps", as(eps) preview(on) replace
(note: file Figure_exercise_f.eps not found)
(file Figure_exercise_f.eps written in EPS format)

. 
. * Close log-file:
. log close
      name:  <unnamed>
       log:  I:\nfurbach\Econometrics\Tutorial3\Solution_all\ProblemSet4_logfile.log
  log type:  text
 closed on:  19 May 2019, 16:48:50
----------------------------------------------------------------------------------------------------------------------------------------------------
